Component: ARM Compiler 5.06 update 6 (build 750) Tool: armlink [4d35ed]

==============================================================================

Section Cross References

    main.o(i.TIM17_IRQHandler) refers to main.o(i.TimingDelayDec) for TimingDelayDec
    main.o(i.TimingDelayDec) refers to main.o(.data) for TimingDelay
    main.o(i.delay_ms) refers to main.o(.data) for TimingDelay
    main.o(i.initial) refers to main.o(i.__NVIC_SetPriority) for __NVIC_SetPriority
    main.o(i.main) refers to main.o(i.initial) for initial
    main.o(i.main) refers to main.o(i.delay_ms) for delay_ms
    main.o(i.main) refers to ssd1306.o(i.LCD_Init) for LCD_Init
    main.o(i.main) refers to ssd1306.o(i.LCD_Clear) for LCD_Clear
    main.o(i.main) refers to ssd1306.o(i.LCD_Gotoxy) for LCD_Gotoxy
    main.o(i.main) refers to ssd1306.o(i.LCD_PrintStr) for LCD_PrintStr
    main.o(i.main) refers to bmp180.o(i.bmp180_Reset) for bmp180_Reset
    main.o(i.main) refers to ssd1306.o(i.LCD_PrintHex) for LCD_PrintHex
    main.o(i.main) refers to bmp180.o(i.bmp180_init) for bmp180_init
    main.o(i.main) refers to bmp180.o(i.getData) for getData
    main.o(i.main) refers to dflti.o(.text) for __aeabi_i2d
    main.o(i.main) refers to ddiv.o(.text) for __aeabi_ddiv
    main.o(i.main) refers to pow.o(i.pow) for pow
    main.o(i.main) refers to daddsub.o(.text) for __aeabi_drsub
    main.o(i.main) refers to dmul.o(.text) for __aeabi_dmul
    main.o(i.main) refers to dfixi.o(.text) for __aeabi_d2iz
    main.o(i.main) refers to ffixi.o(.text) for __aeabi_f2iz
    main.o(i.main) refers to ssd1306.o(i.LCD_PrintDec) for LCD_PrintDec
    main.o(i.main) refers to fmul.o(x$fpl$fmul) for __aeabi_fmul
    main.o(i.main) refers to aeabi_sdiv.o(.text) for __aeabi_idivmod
    main.o(i.main) refers to main.o(.data) for sec05_f
    vl53l0x.o(i.VL53L0X_getMeasurementTimingBudget) refers to vl53l0x.o(i.VL53L0X_getSequenceStepEnables) for VL53L0X_getSequenceStepEnables
    vl53l0x.o(i.VL53L0X_getMeasurementTimingBudget) refers to vl53l0x.o(i.VL53L0X_getSequenceStepTimeouts) for VL53L0X_getSequenceStepTimeouts
    vl53l0x.o(i.VL53L0X_getMeasurementTimingBudget) refers to vl53l0x.o(.bss) for VL53L0X
    vl53l0x.o(i.VL53L0X_getSequenceStepEnables) refers to vl53l0x.o(i.VL53L0X_readReg) for VL53L0X_readReg
    vl53l0x.o(i.VL53L0X_getSequenceStepTimeouts) refers to vl53l0x.o(i.VL53L0X_getVcselPulsePeriod) for VL53L0X_getVcselPulsePeriod
    vl53l0x.o(i.VL53L0X_getSequenceStepTimeouts) refers to vl53l0x.o(i.VL53L0X_readReg) for VL53L0X_readReg
    vl53l0x.o(i.VL53L0X_getSequenceStepTimeouts) refers to vl53l0x.o(i.VL53L0X_timeoutMclksToMicroseconds) for VL53L0X_timeoutMclksToMicroseconds
    vl53l0x.o(i.VL53L0X_getSequenceStepTimeouts) refers to vl53l0x.o(i.VL53L0X_readReg16Bit) for VL53L0X_readReg16Bit
    vl53l0x.o(i.VL53L0X_getSequenceStepTimeouts) refers to vl53l0x.o(i.VL53L0X_decodeTimeout) for VL53L0X_decodeTimeout
    vl53l0x.o(i.VL53L0X_getSignalRateLimit) refers to vl53l0x.o(i.VL53L0X_readReg16Bit) for VL53L0X_readReg16Bit
    vl53l0x.o(i.VL53L0X_getSignalRateLimit) refers to fflti.o(.text) for __aeabi_ui2f
    vl53l0x.o(i.VL53L0X_getSignalRateLimit) refers to fdiv.o(.text) for __aeabi_fdiv
    vl53l0x.o(i.VL53L0X_getSpadInfo) refers to vl53l0x.o(i.VL53L0X_writeReg) for VL53L0X_writeReg
    vl53l0x.o(i.VL53L0X_getSpadInfo) refers to vl53l0x.o(i.VL53L0X_readReg) for VL53L0X_readReg
    vl53l0x.o(i.VL53L0X_getSpadInfo) refers to vl53l0x.o(.bss) for VL53L0X
    vl53l0x.o(i.VL53L0X_getVcselPulsePeriod) refers to vl53l0x.o(i.VL53L0X_readReg) for VL53L0X_readReg
    vl53l0x.o(i.VL53L0X_init) refers to vl53l0x.o(i.VL53L0X_readReg) for VL53L0X_readReg
    vl53l0x.o(i.VL53L0X_init) refers to vl53l0x.o(i.VL53L0X_writeReg) for VL53L0X_writeReg
    vl53l0x.o(i.VL53L0X_init) refers to vl53l0x.o(i.VL53L0X_setSignalRateLimit) for VL53L0X_setSignalRateLimit
    vl53l0x.o(i.VL53L0X_init) refers to vl53l0x.o(i.VL53L0X_getSpadInfo) for VL53L0X_getSpadInfo
    vl53l0x.o(i.VL53L0X_init) refers to vl53l0x.o(i.VL53L0X_readMulti) for VL53L0X_readMulti
    vl53l0x.o(i.VL53L0X_init) refers to vl53l0x.o(i.VL53L0X_writeMulti) for VL53L0X_writeMulti
    vl53l0x.o(i.VL53L0X_init) refers to vl53l0x.o(i.VL53L0X_getMeasurementTimingBudget) for VL53L0X_getMeasurementTimingBudget
    vl53l0x.o(i.VL53L0X_init) refers to vl53l0x.o(i.VL53L0X_setMeasurementTimingBudget) for VL53L0X_setMeasurementTimingBudget
    vl53l0x.o(i.VL53L0X_init) refers to vl53l0x.o(i.VL53L0X_performSingleRefCalibration) for VL53L0X_performSingleRefCalibration
    vl53l0x.o(i.VL53L0X_init) refers to vl53l0x.o(.bss) for VL53L0X
    vl53l0x.o(i.VL53L0X_performSingleRefCalibration) refers to vl53l0x.o(i.VL53L0X_writeReg) for VL53L0X_writeReg
    vl53l0x.o(i.VL53L0X_performSingleRefCalibration) refers to vl53l0x.o(i.VL53L0X_readReg) for VL53L0X_readReg
    vl53l0x.o(i.VL53L0X_performSingleRefCalibration) refers to vl53l0x.o(.bss) for VL53L0X
[...]
    ssd1306.o(i.LCD_PrintBin) refers to ssd1306.o(i.LCD_Char) for LCD_Char
    ssd1306.o(i.LCD_PrintDec) refers to aeabi_sdiv.o(.text) for __aeabi_uidivmod
    ssd1306.o(i.LCD_PrintDec) refers to ssd1306.o(i.LCD_Char) for LCD_Char
    ssd1306.o(i.LCD_PrintHex) refers to ssd1306.o(i.LCD_Char) for LCD_Char
    ssd1306.o(i.LCD_PrintStr) refers to ssd1306.o(i.LCD_Char) for LCD_Char
    ssd1306.o(i.LCD_mode) refers to ssd1306.o(i.I2C_Start) for I2C_Start
    ssd1306.o(i.LCD_mode) refers to ssd1306.o(i.CMD) for CMD
    ssd1306.o(i.LCD_mode) refers to ssd1306.o(i.I2C_Stop) for I2C_Stop
    ssd1306.o(i.scroll_area) refers to ssd1306.o(i.I2C_Start) for I2C_Start
    ssd1306.o(i.scroll_area) refers to ssd1306.o(i.CMD) for CMD
    ssd1306.o(i.scroll_area) refers to ssd1306.o(i.I2C_Stop) for I2C_Stop
    ssd1306.o(i.scroll_vleft) refers to ssd1306.o(i.I2C_Start) for I2C_Start
    ssd1306.o(i.scroll_vleft) refers to ssd1306.o(i.CMD) for CMD
    ssd1306.o(i.scroll_vleft) refers to ssd1306.o(i.I2C_Stop) for I2C_Stop
    ssd1306.o(i.scroll_vright) refers to ssd1306.o(i.I2C_Start) for I2C_Start
    ssd1306.o(i.scroll_vright) refers to ssd1306.o(i.CMD) for CMD
    ssd1306.o(i.scroll_vright) refers to ssd1306.o(i.I2C_Stop) for I2C_Stop
    ssd1306.o(i.slide_left) refers to ssd1306.o(i.I2C_Start) for I2C_Start
    ssd1306.o(i.slide_left) refers to ssd1306.o(i.CMD) for CMD
    ssd1306.o(i.slide_left) refers to ssd1306.o(i.I2C_Stop) for I2C_Stop
    ssd1306.o(i.slide_right) refers to ssd1306.o(i.I2C_Start) for I2C_Start
    ssd1306.o(i.slide_right) refers to ssd1306.o(i.CMD) for CMD
    ssd1306.o(i.slide_right) refers to ssd1306.o(i.I2C_Stop) for I2C_Stop
    ssd1306.o(i.start_slide) refers to ssd1306.o(i.I2C_Start) for I2C_Start
    ssd1306.o(i.start_slide) refers to ssd1306.o(i.CMD) for CMD
    ssd1306.o(i.start_slide) refers to ssd1306.o(i.I2C_Stop) for I2C_Stop
    ssd1306.o(i.stop_slide) refers to ssd1306.o(i.I2C_Start) for I2C_Start
    ssd1306.o(i.stop_slide) refers to ssd1306.o(i.CMD) for CMD
    ssd1306.o(i.stop_slide) refers to ssd1306.o(i.I2C_Stop) for I2C_Stop
    bmp180.o(i.bmp180_Reset) refers to bmp180.o(i.writeReg8) for writeReg8
    bmp180.o(i.bmp180_Reset) refers to main.o(i.delay_ms) for delay_ms
    bmp180.o(i.bmp180_Reset) refers to bmp180.o(i.readReg8) for readReg8
    bmp180.o(i.bmp180_init) refers to bmp180.o(i.readReg8) for readReg8
    bmp180.o(i.bmp180_init) refers to bmp180.o(i.readMulti) for readMulti
    bmp180.o(i.getData) refers to bmp180.o(i.writeReg8) for writeReg8
    bmp180.o(i.getData) refers to main.o(i.delay_ms) for delay_ms
    bmp180.o(i.getData) refers to bmp180.o(i.readReg16) for readReg16
    bmp180.o(i.getData) refers to bmp180.o(i.readMulti) for readMulti
    bmp180.o(i.getData) refers to aeabi_sdiv.o(.text) for __aeabi_idivmod
    bmp180.o(i.getData) refers to fflti.o(.text) for __aeabi_i2f
    bmp180.o(i.getData) refers to fdiv.o(.text) for __aeabi_fdiv
    startup_stm32f042x6.o(STACK) refers (Special) to heapauxi.o(.text) for __use_two_region_memory
    startup_stm32f042x6.o(HEAP) refers (Special) to heapauxi.o(.text) for __use_two_region_memory
    startup_stm32f042x6.o(RESET) refers (Special) to heapauxi.o(.text) for __use_two_region_memory
    startup_stm32f042x6.o(RESET) refers to startup_stm32f042x6.o(STACK) for __initial_sp
    startup_stm32f042x6.o(RESET) refers to startup_stm32f042x6.o(.text) for Reset_Handler
    startup_stm32f042x6.o(RESET) refers to main.o(i.TIM2_IRQHandler) for TIM2_IRQHandler
    startup_stm32f042x6.o(RESET) refers to main.o(i.TIM17_IRQHandler) for TIM17_IRQHandler
    startup_stm32f042x6.o(.text) refers (Special) to heapauxi.o(.text) for __use_two_region_memory
    startup_stm32f042x6.o(.text) refers to startup_stm32f042x6.o(STACK) for __initial_sp
    startup_stm32f042x6.o(.text) refers to system_stm32f0xx.o(i.SystemInit) for SystemInit
    startup_stm32f042x6.o(.text) refers to __main.o(!!!main) for __main
    startup_stm32f042x6.o(.text) refers to startup_stm32f042x6.o(HEAP) for Heap_Mem
    system_stm32f0xx.o(i.SystemCoreClockUpdate) refers to aeabi_sdiv.o(.text) for __aeabi_uidivmod
    system_stm32f0xx.o(i.SystemCoreClockUpdate) refers to system_stm32f0xx.o(.data) for SystemCoreClock
    system_stm32f0xx.o(i.SystemCoreClockUpdate) refers to system_stm32f0xx.o(.constdata) for AHBPrescTable
    __main.o(!!!main) refers to __rtentry.o(.ARM.Collect$$rtentry$$00000000) for __rt_entry
    daddsub.o(.text) refers (Special) to usenofp.o(x$fpl$usenofp) for __I$use$fp
    ddiv.o(.text) refers (Special) to usenofp.o(x$fpl$usenofp) for __I$use$fp
    ddiv.o(.text) refers to ddiv.o(.constdata) for .constdata
    ddiv.o(.constdata) refers (Special) to usenofp.o(x$fpl$usenofp) for __I$use$fp
    dfixi.o(.text) refers (Special) to usenofp.o(x$fpl$usenofp) for __I$use$fp
    dflti.o(.text) refers (Special) to usenofp.o(x$fpl$usenofp) for __I$use$fp
    dmul.o(.text) refers (Special) to usenofp.o(x$fpl$usenofp) for __I$use$fp
    drlef.o(x$fpl$drleqf) refers (Special) to usenofp.o(x$fpl$usenofp) for __I$use$fp
    drlef.o(x$fpl$drleqf) refers to dcmpin.o(.text) for __fpl_dcmp_InfNaN
    f2d.o(.text) refers (Special) to usenofp.o(x$fpl$usenofp) for __I$use$fp
    fdiv.o(.text) refers (Special) to usenofp.o(x$fpl$usenofp) for __I$use$fp
    fdiv.o(.text) refers to fdiv.o(.constdata) for .constdata
    fdiv.o(.constdata) refers (Special) to usenofp.o(x$fpl$usenofp) for __I$use$fp
    ffixi.o(.text) refers (Special) to usenofp.o(x$fpl$usenofp) for __I$use$fp
    ffixui.o(.text) refers (Special) to usenofp.o(x$fpl$usenofp) for __I$use$fp
    fflti.o(.text) refers (Special) to usenofp.o(x$fpl$usenofp) for __I$use$fp
    flef.o(x$fpl$fleqf) refers (Special) to usenofp.o(x$fpl$usenofp) for __I$use$fp
    flef.o(x$fpl$fleqf) refers to fcmpin.o(.text) for __fpl_fcmp_InfNaN
    fmul.o(x$fpl$fmul) refers (Special) to usenofp.o(x$fpl$usenofp) for __I$use$fp
    pow.o(i.__softfp_pow) refers (Special) to usenofp.o(x$fpl$usenofp) for __I$use$fp
    pow.o(i.__softfp_pow) refers to pow.o(i.pow) for pow
    pow.o(i.pow) refers (Special) to usenofp.o(x$fpl$usenofp) for __I$use$fp
    pow.o(i.pow) refers to dunder.o(i.__mathlib_dbl_infnan2) for __mathlib_dbl_infnan2
    pow.o(i.pow) refers to _rserrno.o(.text) for __set_errno
    pow.o(i.pow) refers to dunder.o(i.__mathlib_dbl_divzero) for __mathlib_dbl_divzero
    pow.o(i.pow) refers to ddiv.o(.text) for __aeabi_ddiv
    pow.o(i.pow) refers to sqrt.o(i.sqrt) for sqrt
    pow.o(i.pow) refers to dflti.o(.text) for __aeabi_i2d
    pow.o(i.pow) refers to dunder.o(i.__mathlib_dbl_invalid) for __mathlib_dbl_invalid
    pow.o(i.pow) refers to dunder.o(i.__mathlib_dbl_overflow) for __mathlib_dbl_overflow
    pow.o(i.pow) refers to dmul.o(.text) for __aeabi_dmul
    pow.o(i.pow) refers to dunder.o(i.__mathlib_dbl_underflow) for __mathlib_dbl_underflow
    pow.o(i.pow) refers to daddsub.o(.text) for __aeabi_dsub
    pow.o(i.pow) refers to dscalbn.o(.text) for __ARM_scalbn
    pow.o(i.pow) refers to qnan.o(.constdata) for __mathlib_zero
    pow.o(i.pow) refers to poly.o(i.__kernel_poly) for __kernel_poly
    pow.o(i.pow) refers to drlef.o(x$fpl$drleqf) for __aeabi_cdrcmple
    pow.o(i.pow) refers to pow.o(.constdata) for .constdata
    pow.o(i.pow) refers to fpclassify.o(i.__ARM_fpclassify) for __ARM_fpclassify
    pow.o(.constdata) refers (Special) to usenofp.o(x$fpl$usenofp) for __I$use$fp
    pow_x.o(i.____softfp_pow$lsc) refers (Special) to usenofp.o(x$fpl$usenofp) for __I$use$fp
    pow_x.o(i.____softfp_pow$lsc) refers to pow_x.o(i.__pow$lsc) for __pow$lsc
    pow_x.o(i.__pow$lsc) refers (Special) to usenofp.o(x$fpl$usenofp) for __I$use$fp
    pow_x.o(i.__pow$lsc) refers to dunder.o(i.__mathlib_dbl_infnan2) for __mathlib_dbl_infnan2
    pow_x.o(i.__pow$lsc) refers to _rserrno.o(.text) for __set_errno
    pow_x.o(i.__pow$lsc) refers to ddiv.o(.text) for __aeabi_ddiv
    pow_x.o(i.__pow$lsc) refers to sqrt.o(i.sqrt) for sqrt
    pow_x.o(i.__pow$lsc) refers to dflti.o(.text) for __aeabi_i2d
    pow_x.o(i.__pow$lsc) refers to dmul.o(.text) for __aeabi_dmul
    pow_x.o(i.__pow$lsc) refers to daddsub.o(.text) for __aeabi_dsub
    pow_x.o(i.__pow$lsc) refers to dscalbn.o(.text) for __ARM_scalbn
    pow_x.o(i.__pow$lsc) refers to qnan.o(.constdata) for __mathlib_zero
    pow_x.o(i.__pow$lsc) refers to poly.o(i.__kernel_poly) for __kernel_poly
    pow_x.o(i.__pow$lsc) refers to drlef.o(x$fpl$drleqf) for __aeabi_cdrcmple
    pow_x.o(i.__pow$lsc) refers to pow_x.o(.constdata) for .constdata
    pow_x.o(.constdata) refers (Special) to usenofp.o(x$fpl$usenofp) for __I$use$fp
    __rtentry.o(.ARM.Collect$$rtentry$$00000000) refers (Special) to __rtentry2.o(.ARM.Collect$$rtentry$$0000000A) for __rt_entry_li
    __rtentry.o(.ARM.Collect$$rtentry$$00000000) refers (Special) to __rtentry2.o(.ARM.Collect$$rtentry$$0000000D) for __rt_entry_main
    __rtentry.o(.ARM.Collect$$rtentry$$00000000) refers (Special) to __rtentry2.o(.ARM.Collect$$rtentry$$0000000C) for __rt_entry_postli_1
    __rtentry.o(.ARM.Collect$$rtentry$$00000000) refers (Special) to __rtentry2.o(.ARM.Collect$$rtentry$$00000009) for __rt_entry_postsh_1
    __rtentry.o(.ARM.Collect$$rtentry$$00000000) refers (Special) to __rtentry2.o(.ARM.Collect$$rtentry$$00000002) for __rt_entry_presh_1
    __rtentry.o(.ARM.Collect$$rtentry$$00000000) refers (Special) to __rtentry4.o(.ARM.Collect$$rtentry$$00000004) for __rt_entry_sh
    aeabi_idiv0_sigfpe.o(.text) refers to rt_div0.o(.text) for __rt_div0
    _rserrno.o(.text) refers to rt_errno_addr_intlibspace.o(.text) for __aeabi_errno_addr
    dcmpin.o(.text) refers (Special) to usenofp.o(x$fpl$usenofp) for __I$use$fp
    dcmpin.o(.text) refers to cmpret.o(.text) for __fpl_cmpreturn
    dcmpin.o(.text) refers to dnan2.o(.text) for __fpl_dcheck_NaN2
    dscalbn.o(.text) refers (Special) to usenofp.o(x$fpl$usenofp) for __I$use$fp
    fcmpin.o(.text) refers (Special) to usenofp.o(x$fpl$usenofp) for __I$use$fp
    fcmpin.o(.text) refers to cmpret.o(.text) for __fpl_cmpreturn
    fcmpin.o(.text) refers to fnan2.o(.text) for __fpl_fcheck_NaN2
    dunder.o(i.__mathlib_dbl_divzero) refers to ddiv.o(.text) for __aeabi_ddiv
    dunder.o(i.__mathlib_dbl_infnan) refers to dscalbn.o(.text) for __ARM_scalbn
    dunder.o(i.__mathlib_dbl_infnan2) refers to daddsub.o(.text) for __aeabi_dadd
    dunder.o(i.__mathlib_dbl_invalid) refers to ddiv.o(.text) for __aeabi_ddiv
    dunder.o(i.__mathlib_dbl_overflow) refers to dscalbn.o(.text) for __ARM_scalbn
    dunder.o(i.__mathlib_dbl_posinfnan) refers to dmul.o(.text) for __aeabi_dmul
    dunder.o(i.__mathlib_dbl_underflow) refers to dscalbn.o(.text) for __ARM_scalbn
    fpclassify.o(i.__ARM_fpclassify) refers (Special) to usenofp.o(x$fpl$usenofp) for __I$use$fp
    poly.o(i.__kernel_poly) refers (Special) to usenofp.o(x$fpl$usenofp) for __I$use$fp
    poly.o(i.__kernel_poly) refers to dmul.o(.text) for __aeabi_dmul
    poly.o(i.__kernel_poly) refers to daddsub.o(.text) for __aeabi_dadd
    qnan.o(.constdata) refers (Special) to usenofp.o(x$fpl$usenofp) for __I$use$fp
    sqrt.o(i.__softfp_sqrt) refers (Special) to usenofp.o(x$fpl$usenofp) for __I$use$fp
    sqrt.o(i.__softfp_sqrt) refers to dsqrt.o(.text) for _dsqrt
    sqrt.o(i.__softfp_sqrt) refers to _rserrno.o(.text) for __set_errno
    sqrt.o(i.sqrt) refers (Special) to usenofp.o(x$fpl$usenofp) for __I$use$fp
    sqrt.o(i.sqrt) refers to dsqrt.o(.text) for _dsqrt
    sqrt.o(i.sqrt) refers to _rserrno.o(.text) for __set_errno
    sqrt_x.o(i.____softfp_sqrt$lsc) refers (Special) to usenofp.o(x$fpl$usenofp) for __I$use$fp
    sqrt_x.o(i.____softfp_sqrt$lsc) refers to dlef.o(x$fpl$dleqf) for __aeabi_cdcmple
    sqrt_x.o(i.____softfp_sqrt$lsc) refers to _rserrno.o(.text) for __set_errno
    sqrt_x.o(i.____softfp_sqrt$lsc) refers to dsqrt.o(.text) for _dsqrt
    sqrt_x.o(i.__sqrt$lsc) refers (Special) to usenofp.o(x$fpl$usenofp) for __I$use$fp
    sqrt_x.o(i.__sqrt$lsc) refers to dlef.o(x$fpl$dleqf) for __aeabi_cdcmple
    sqrt_x.o(i.__sqrt$lsc) refers to _rserrno.o(.text) for __set_errno
    sqrt_x.o(i.__sqrt$lsc) refers to dsqrt.o(.text) for _dsqrt
    __rtentry2.o(.ARM.Collect$$rtentry$$00000008) refers to boardinit2.o(.text) for _platform_post_stackheap_init
    __rtentry2.o(.ARM.Collect$$rtentry$$0000000A) refers to libinit.o(.ARM.Collect$$libinit$$00000000) for __rt_lib_init
    __rtentry2.o(.ARM.Collect$$rtentry$$0000000B) refers to boardinit3.o(.text) for _platform_post_lib_init
    __rtentry2.o(.ARM.Collect$$rtentry$$0000000D) refers to main.o(i.main) for main
    __rtentry2.o(.ARM.Collect$$rtentry$$0000000D) refers to exit.o(.text) for exit
    __rtentry2.o(.ARM.exidx) refers to __rtentry2.o(.ARM.Collect$$rtentry$$00000001) for .ARM.Collect$$rtentry$$00000001
    __rtentry2.o(.ARM.exidx) refers to __rtentry2.o(.ARM.Collect$$rtentry$$00000008) for .ARM.Collect$$rtentry$$00000008
    __rtentry2.o(.ARM.exidx) refers to __rtentry2.o(.ARM.Collect$$rtentry$$0000000A) for .ARM.Collect$$rtentry$$0000000A
    __rtentry2.o(.ARM.exidx) refers to __rtentry2.o(.ARM.Collect$$rtentry$$0000000B) for .ARM.Collect$$rtentry$$0000000B
    __rtentry2.o(.ARM.exidx) refers to __rtentry2.o(.ARM.Collect$$rtentry$$0000000D) for .ARM.Collect$$rtentry$$0000000D
    __rtentry4.o(.ARM.Collect$$rtentry$$00000004) refers to sys_stackheap_outer.o(.text) for __user_setup_stackheap
    __rtentry4.o(.ARM.exidx) refers to __rtentry4.o(.ARM.Collect$$rtentry$$00000004) for .ARM.Collect$$rtentry$$00000004
    rt_div0.o(.text) refers to defsig_fpe_outer.o(.text) for __rt_SIGFPE
    rt_errno_addr.o(.text) refers to rt_errno_addr.o(.bss) for __aeabi_errno_addr_data
    rt_errno_addr_intlibspace.o(.text) refers to libspace.o(.bss) for __libspace_start
    cmpret.o(.text) refers (Special) to usenofp.o(x$fpl$usenofp) for __I$use$fp
    dlef.o(x$fpl$dleqf) refers (Special) to usenofp.o(x$fpl$usenofp) for __I$use$fp
    dlef.o(x$fpl$dleqf) refers to dcmpin.o(.text) for __fpl_dcmp_InfNaN
    dnan2.o(.text) refers (Special) to usenofp.o(x$fpl$usenofp) for __I$use$fp
    dnan2.o(.text) refers to retnan.o(.text) for __fpl_return_NaN
    dsqrt.o(.text) refers (Special) to usenofp.o(x$fpl$usenofp) for __I$use$fp
    fnan2.o(.text) refers (Special) to usenofp.o(x$fpl$usenofp) for __I$use$fp
    fnan2.o(.text) refers to retnan.o(.text) for __fpl_return_NaN
    libspace.o(.text) refers to libspace.o(.bss) for __libspace_start
    sys_stackheap_outer.o(.text) refers to libspace.o(.text) for __user_perproc_libspace
    sys_stackheap_outer.o(.text) refers to startup_stm32f042x6.o(.text) for __user_initial_stackheap
    sys_stackheap_outer.o(__vectab_stack_and_reset_area) refers to tempstk.o(.text) for __temporary_stack_top
    sys_stackheap_outer.o(__vectab_stack_and_reset_area) refers to __main.o(!!!main) for __main
    exit.o(.text) refers to rtexit.o(.ARM.Collect$$rtexit$$00000000) for __rt_exit
    defsig_fpe_outer.o(.text) refers to defsig_fpe_inner.o(.text) for __rt_SIGFPE_inner
    defsig_fpe_outer.o(.text) refers to defsig_exit.o(.text) for __sig_exit
    defsig_fpe_formal.o(.text) refers to rt_raise.o(.text) for __rt_raise
    libinit.o(.ARM.Collect$$libinit$$00000000) refers (Special) to libinit2.o(.ARM.Collect$$libinit$$0000002E) for __rt_lib_init_alloca_1
    libinit.o(.ARM.Collect$$libinit$$00000000) refers (Special) to libinit2.o(.ARM.Collect$$libinit$$0000002C) for __rt_lib_init_argv_1
    libinit.o(.ARM.Collect$$libinit$$00000000) refers (Special) to libinit2.o(.ARM.Collect$$libinit$$0000001B) for __rt_lib_init_atexit_1
    libinit.o(.ARM.Collect$$libinit$$00000000) refers (Special) to libinit2.o(.ARM.Collect$$libinit$$00000021) for __rt_lib_init_clock_1
    libinit.o(.ARM.Collect$$libinit$$00000000) refers (Special) to libinit2.o(.ARM.Collect$$libinit$$00000032) for __rt_lib_init_cpp_1
    libinit.o(.ARM.Collect$$libinit$$00000000) refers (Special) to libinit2.o(.ARM.Collect$$libinit$$00000030) for __rt_lib_init_exceptions_1
    libinit.o(.ARM.Collect$$libinit$$00000000) refers (Special) to libinit2.o(.ARM.Collect$$libinit$$00000002) for __rt_lib_init_fp_1
    libinit.o(.ARM.Collect$$libinit$$00000000) refers (Special) to libinit2.o(.ARM.Collect$$libinit$$0000001F) for __rt_lib_init_fp_trap_1
    libinit.o(.ARM.Collect$$libinit$$00000000) refers (Special) to libinit2.o(.ARM.Collect$$libinit$$00000023) for __rt_lib_init_getenv_1
    libinit.o(.ARM.Collect$$libinit$$00000000) refers (Special) to libinit2.o(.ARM.Collect$$libinit$$0000000A) for __rt_lib_init_heap_1
    libinit.o(.ARM.Collect$$libinit$$00000000) refers (Special) to libinit2.o(.ARM.Collect$$libinit$$00000011) for __rt_lib_init_lc_collate_1
    libinit.o(.ARM.Collect$$libinit$$00000000) refers (Special) to libinit2.o(.ARM.Collect$$libinit$$00000013) for __rt_lib_init_lc_ctype_1
    libinit.o(.ARM.Collect$$libinit$$00000000) refers (Special) to libinit2.o(.ARM.Collect$$libinit$$00000015) for __rt_lib_init_lc_monetary_1
    libinit.o(.ARM.Collect$$libinit$$00000000) refers (Special) to libinit2.o(.ARM.Collect$$libinit$$00000017) for __rt_lib_init_lc_numeric_1
    libinit.o(.ARM.Collect$$libinit$$00000000) refers (Special) to libinit2.o(.ARM.Collect$$libinit$$00000019) for __rt_lib_init_lc_time_1
    libinit.o(.ARM.Collect$$libinit$$00000000) refers (Special) to libinit2.o(.ARM.Collect$$libinit$$00000004) for __rt_lib_init_preinit_1
    libinit.o(.ARM.Collect$$libinit$$00000000) refers (Special) to libinit2.o(.ARM.Collect$$libinit$$0000000E) for __rt_lib_init_rand_1
    libinit.o(.ARM.Collect$$libinit$$00000000) refers (Special) to libinit2.o(.ARM.Collect$$libinit$$00000033) for __rt_lib_init_return
    libinit.o(.ARM.Collect$$libinit$$00000000) refers (Special) to libinit2.o(.ARM.Collect$$libinit$$0000001D) for __rt_lib_init_signal_1
    libinit.o(.ARM.Collect$$libinit$$00000000) refers (Special) to libinit2.o(.ARM.Collect$$libinit$$00000025) for __rt_lib_init_stdio_1
    libinit.o(.ARM.Collect$$libinit$$00000000) refers (Special) to libinit2.o(.ARM.Collect$$libinit$$0000000C) for __rt_lib_init_user_alloc_1
    retnan.o(.text) refers (Special) to usenofp.o(x$fpl$usenofp) for __I$use$fp
    retnan.o(.text) refers to cmpret.o(.text) for __fpl_cmpreturn
    rtexit.o(.ARM.Collect$$rtexit$$00000000) refers (Special) to rtexit2.o(.ARM.Collect$$rtexit$$00000004) for __rt_exit_exit
    rtexit.o(.ARM.Collect$$rtexit$$00000000) refers (Special) to rtexit2.o(.ARM.Collect$$rtexit$$00000003) for __rt_exit_ls
    rtexit.o(.ARM.Collect$$rtexit$$00000000) refers (Special) to rtexit2.o(.ARM.Collect$$rtexit$$00000002) for __rt_exit_prels_1
    rtexit.o(.ARM.exidx) refers (Special) to rtexit2.o(.ARM.Collect$$rtexit$$00000004) for __rt_exit_exit
    rtexit.o(.ARM.exidx) refers (Special) to rtexit2.o(.ARM.Collect$$rtexit$$00000003) for __rt_exit_ls
    rtexit.o(.ARM.exidx) refers (Special) to rtexit2.o(.ARM.Collect$$rtexit$$00000002) for __rt_exit_prels_1
    rtexit.o(.ARM.exidx) refers to rtexit.o(.ARM.Collect$$rtexit$$00000000) for .ARM.Collect$$rtexit$$00000000
    rt_raise.o(.text) refers to __raise.o(.text) for __raise
    rt_raise.o(.text) refers to sys_exit.o(.text) for _sys_exit
    defsig_exit.o(.text) refers to sys_exit.o(.text) for _sys_exit
    defsig_fpe_inner.o(.text) refers to defsig_general.o(.text) for __default_signal_display
    libinit2.o(.ARM.Collect$$libinit$$00000010) refers to libinit2.o(.ARM.Collect$$libinit$$0000000F) for .ARM.Collect$$libinit$$0000000F
    libinit2.o(.ARM.Collect$$libinit$$00000012) refers to libinit2.o(.ARM.Collect$$libinit$$0000000F) for .ARM.Collect$$libinit$$0000000F
    libinit2.o(.ARM.Collect$$libinit$$00000014) refers to libinit2.o(.ARM.Collect$$libinit$$0000000F) for .ARM.Collect$$libinit$$0000000F
    libinit2.o(.ARM.Collect$$libinit$$00000016) refers to libinit2.o(.ARM.Collect$$libinit$$0000000F) for .ARM.Collect$$libinit$$0000000F
    libinit2.o(.ARM.Collect$$libinit$$00000018) refers to libinit2.o(.ARM.Collect$$libinit$$0000000F) for .ARM.Collect$$libinit$$0000000F
    libinit2.o(.ARM.Collect$$libinit$$00000026) refers to argv_veneer.o(.text) for __ARM_argv_veneer
    libinit2.o(.ARM.Collect$$libinit$$00000027) refers to argv_veneer.o(.text) for __ARM_argv_veneer
    sys_exit.o(.text) refers (Special) to use_no_semi.o(.text) for __I$use$semihosting
    sys_exit.o(.text) refers (Special) to indicate_semi.o(.text) for __semihosting_library_function
    rtexit2.o(.ARM.Collect$$rtexit$$00000003) refers to libshutdown.o(.ARM.Collect$$libshutdown$$00000000) for __rt_lib_shutdown
    rtexit2.o(.ARM.Collect$$rtexit$$00000004) refers to sys_exit.o(.text) for _sys_exit
    rtexit2.o(.ARM.exidx) refers to rtexit2.o(.ARM.Collect$$rtexit$$00000001) for .ARM.Collect$$rtexit$$00000001
    rtexit2.o(.ARM.exidx) refers to rtexit2.o(.ARM.Collect$$rtexit$$00000003) for .ARM.Collect$$rtexit$$00000003
    rtexit2.o(.ARM.exidx) refers to rtexit2.o(.ARM.Collect$$rtexit$$00000004) for .ARM.Collect$$rtexit$$00000004
    __raise.o(.text) refers to defsig.o(CL$$defsig) for __default_signal_handler
    defsig_general.o(.text) refers to sys_wrch.o(.text) for _ttywrch
    sys_wrch.o(.text) refers (Special) to use_no_semi.o(.text) for __I$use$semihosting
    sys_wrch.o(.text) refers (Special) to indicate_semi.o(.text) for __semihosting_library_function
    defsig.o(CL$$defsig) refers to defsig_fpe_inner.o(.text) for __rt_SIGFPE_inner
    defsig.o(CL$$defsig) refers to defsig_rtmem_inner.o(.text) for __rt_SIGRTMEM_inner
    _get_argv_nomalloc.o(.text) refers (Special) to hrguard.o(.text) for __heap_region$guard
    _get_argv_nomalloc.o(.text) refers to defsig_rtmem_outer.o(.text) for __rt_SIGRTMEM
    _get_argv_nomalloc.o(.text) refers to sys_command.o(.text) for _sys_command_string
    libshutdown.o(.ARM.Collect$$libshutdown$$00000000) refers (Special) to libshutdown2.o(.ARM.Collect$$libshutdown$$00000002) for __rt_lib_shutdown_cpp_1
    libshutdown.o(.ARM.Collect$$libshutdown$$00000000) refers (Special) to libshutdown2.o(.ARM.Collect$$libshutdown$$00000007) for __rt_lib_shutdown_fp_trap_1
    libshutdown.o(.ARM.Collect$$libshutdown$$00000000) refers (Special) to libshutdown2.o(.ARM.Collect$$libshutdown$$0000000F) for __rt_lib_shutdown_heap_1
    libshutdown.o(.ARM.Collect$$libshutdown$$00000000) refers (Special) to libshutdown2.o(.ARM.Collect$$libshutdown$$00000010) for __rt_lib_shutdown_return
    libshutdown.o(.ARM.Collect$$libshutdown$$00000000) refers (Special) to libshutdown2.o(.ARM.Collect$$libshutdown$$0000000A) for __rt_lib_shutdown_signal_1
    libshutdown.o(.ARM.Collect$$libshutdown$$00000000) refers (Special) to libshutdown2.o(.ARM.Collect$$libshutdown$$00000004) for __rt_lib_shutdown_stdio_1
    libshutdown.o(.ARM.Collect$$libshutdown$$00000000) refers (Special) to libshutdown2.o(.ARM.Collect$$libshutdown$$0000000C) for __rt_lib_shutdown_user_alloc_1
    sys_command.o(.text) refers (Special) to use_no_semi.o(.text) for __I$use$semihosting
    sys_command.o(.text) refers (Special) to indicate_semi.o(.text) for __semihosting_library_function
    defsig_abrt_inner.o(.text) refers to defsig_general.o(.text) for __default_signal_display
    defsig_rtred_inner.o(.text) refers to defsig_general.o(.text) for __default_signal_display
    defsig_rtmem_inner.o(.text) refers to defsig_general.o(.text) for __default_signal_display
    defsig_rtmem_outer.o(.text) refers to defsig_rtmem_inner.o(.text) for __rt_SIGRTMEM_inner
    defsig_rtmem_outer.o(.text) refers to defsig_exit.o(.text) for __sig_exit
    defsig_rtmem_formal.o(.text) refers to rt_raise.o(.text) for __rt_raise
    defsig_stak_inner.o(.text) refers to defsig_general.o(.text) for __default_signal_display
    defsig_pvfn_inner.o(.text) refers to defsig_general.o(.text) for __default_signal_display
    defsig_cppl_inner.o(.text) refers to defsig_general.o(.text) for __default_signal_display
    defsig_segv_inner.o(.text) refers to defsig_general.o(.text) for __default_signal_display
    defsig_other.o(.text) refers to defsig_general.o(.text) for __default_signal_display


==============================================================================

Removing Unused input sections from the image.

    Removing main.o(.rev16_text), (4 bytes).
    Removing main.o(.revsh_text), (4 bytes).
    Removing vl53l0x.o(.rev16_text), (4 bytes).
    Removing vl53l0x.o(.revsh_text), (4 bytes).
    Removing vl53l0x.o(i.VL53L0X_decodeTimeout), (20 bytes).
    Removing vl53l0x.o(i.VL53L0X_encodeTimeout), (42 bytes).
    Removing vl53l0x.o(i.VL53L0X_getMeasurementTimingBudget), (168 bytes).
    Removing vl53l0x.o(i.VL53L0X_getSequenceStepEnables), (42 bytes).
    Removing vl53l0x.o(i.VL53L0X_getSequenceStepTimeouts), (106 bytes).
    Removing vl53l0x.o(i.VL53L0X_getSignalRateLimit), (26 bytes).
    Removing vl53l0x.o(i.VL53L0X_getSpadInfo), (216 bytes).
    Removing vl53l0x.o(i.VL53L0X_getVcselPulsePeriod), (40 bytes).
    Removing vl53l0x.o(i.VL53L0X_init), (1096 bytes).
    Removing vl53l0x.o(i.VL53L0X_performSingleRefCalibration), (64 bytes).
    Removing vl53l0x.o(i.VL53L0X_readMulti), (360 bytes).
    Removing vl53l0x.o(i.VL53L0X_readRangeContinuousMillimeters), (48 bytes).
    Removing vl53l0x.o(i.VL53L0X_readRangeSingleMillimeters), (100 bytes).
    Removing vl53l0x.o(i.VL53L0X_readReg), (348 bytes).
    Removing vl53l0x.o(i.VL53L0X_readReg16Bit), (368 bytes).
    Removing vl53l0x.o(i.VL53L0X_readReg32Bit), (364 bytes).
    Removing vl53l0x.o(i.VL53L0X_setAddress), (24 bytes).
    Removing vl53l0x.o(i.VL53L0X_setMeasurementTimingBudget), (248 bytes).
    Removing vl53l0x.o(i.VL53L0X_setSignalRateLimit), (76 bytes).
    Removing vl53l0x.o(i.VL53L0X_setVcselPulsePeriod), (544 bytes).
    Removing vl53l0x.o(i.VL53L0X_timeoutMclksToMicroseconds), (56 bytes).
    Removing vl53l0x.o(i.VL53L0X_timeoutMicrosecondsToMclks), (56 bytes).
    Removing vl53l0x.o(i.VL53L0X_writeMulti), (216 bytes).
    Removing vl53l0x.o(i.VL53L0X_writeReg), (200 bytes).
    Removing vl53l0x.o(i.VL53L0X_writeReg16Bit), (220 bytes).
    Removing vl53l0x.o(i.VL53L0X_writeReg32Bit), (220 bytes).
    Removing vl53l0x.o(i.init_VL53L0X), (60 bytes).
    Removing vl53l0x.o(.bss), (20 bytes).
    Removing vl53l0x.o(.data), (1 bytes).
    Removing ssd1306.o(.rev16_text), (4 bytes).
    Removing ssd1306.o(.revsh_text), (4 bytes).
    Removing ssd1306.o(i.Flip_mode), (44 bytes).
    Removing ssd1306.o(i.LCD_ClearStr), (90 bytes).
    Removing ssd1306.o(i.LCD_PrintBin), (94 bytes).
    Removing ssd1306.o(i.LCD_mode), (32 bytes).
    Removing ssd1306.o(i.scroll_area), (38 bytes).
    Removing ssd1306.o(i.scroll_vleft), (64 bytes).
    Removing ssd1306.o(i.scroll_vright), (64 bytes).
    Removing ssd1306.o(i.slide_left), (60 bytes).
    Removing ssd1306.o(i.slide_right), (60 bytes).
    Removing ssd1306.o(i.start_slide), (18 bytes).
    Removing ssd1306.o(i.stop_slide), (18 bytes).
    Removing bmp180.o(.rev16_text), (4 bytes).
    Removing bmp180.o(.revsh_text), (4 bytes).
    Removing system_stm32f0xx.o(.rev16_text), (4 bytes).
    Removing system_stm32f0xx.o(.revsh_text), (4 bytes).
    Removing system_stm32f0xx.o(i.SystemCoreClockUpdate), (208 bytes).
    Removing system_stm32f0xx.o(.constdata), (24 bytes).
    Removing system_stm32f0xx.o(.data), (4 bytes).

53 unused section(s) (total 6207 bytes) removed from the image.

==============================================================================

Image Symbol Table

    Local Symbols

    Symbol Name                              Value     Ov Type        Size  Object(Section)

    ../clib/angel/boardlib.s                 0x00000000   Number         0  boardinit1.o ABSOLUTE
    ../clib/angel/boardlib.s                 0x00000000   Number         0  boardinit2.o ABSOLUTE
    ../clib/angel/boardlib.s                 0x00000000   Number         0  boardinit3.o ABSOLUTE
    ../clib/angel/boardlib.s                 0x00000000   Number         0  boardshut.o ABSOLUTE
    ../clib/angel/handlers.s                 0x00000000   Number         0  __scatter_zi.o ABSOLUTE
    ../clib/angel/handlers.s                 0x00000000   Number         0  __scatter_copy.o ABSOLUTE
    ../clib/angel/kernel.s                   0x00000000   Number         0  __rtentry.o ABSOLUTE
    ../clib/angel/kernel.s                   0x00000000   Number         0  __rtentry2.o ABSOLUTE
    ../clib/angel/kernel.s                   0x00000000   Number         0  rtexit2.o ABSOLUTE
    ../clib/angel/kernel.s                   0x00000000   Number         0  rtexit.o ABSOLUTE
    ../clib/angel/kernel.s                   0x00000000   Number         0  __rtentry4.o ABSOLUTE
    ../clib/angel/rt.s                       0x00000000   Number         0  rt_errno_addr.o ABSOLUTE
    ../clib/angel/rt.s                       0x00000000   Number         0  rt_errno_addr_intlibspace.o ABSOLUTE
    ../clib/angel/rt.s                       0x00000000   Number         0  rt_raise.o ABSOLUTE
    ../clib/angel/rt.s                       0x00000000   Number         0  aeabi_idiv0.o ABSOLUTE
    ../clib/angel/rt.s                       0x00000000   Number         0  rt_div0.o ABSOLUTE
    ../clib/angel/rt.s                       0x00000000   Number         0  aeabi_idiv0_sigfpe.o ABSOLUTE
    ../clib/angel/scatterp.s                 0x00000000   Number         0  __scatter.o ABSOLUTE
    ../clib/angel/startup.s                  0x00000000   Number         0  __main.o ABSOLUTE
    ../clib/angel/sys.s                      0x00000000   Number         0  libspace.o ABSOLUTE
    ../clib/angel/sys.s                      0x00000000   Number         0  indicate_semi.o ABSOLUTE
    ../clib/angel/sys.s                      0x00000000   Number         0  use_no_semi.o ABSOLUTE
    ../clib/angel/sys.s                      0x00000000   Number         0  sys_stackheap_outer.o ABSOLUTE
    ../clib/angel/sys.s                      0x00000000   Number         0  tempstk.o ABSOLUTE
    ../clib/angel/sysapp.c                   0x00000000   Number         0  sys_command.o ABSOLUTE
    ../clib/angel/sysapp.c                   0x00000000   Number         0  sys_exit.o ABSOLUTE
    ../clib/angel/sysapp.c                   0x00000000   Number         0  sys_wrch.o ABSOLUTE
    ../clib/armsys.c                         0x00000000   Number         0  no_argv.o ABSOLUTE
    ../clib/armsys.c                         0x00000000   Number         0  _get_argv_nomalloc.o ABSOLUTE
    ../clib/armsys.c                         0x00000000   Number         0  argv_veneer.o ABSOLUTE
    ../clib/division.s                       0x00000000   Number         0  aeabi_sdiv_div0.o ABSOLUTE
    ../clib/division.s                       0x00000000   Number         0  aeabi_sdiv.o ABSOLUTE
    ../clib/fenv.c                           0x00000000   Number         0  _rserrno.o ABSOLUTE
    ../clib/heapalloc.c                      0x00000000   Number         0  hrguard.o ABSOLUTE
    ../clib/heapaux.c                        0x00000000   Number         0  heapauxi.o ABSOLUTE
    ../clib/libinit.s                        0x00000000   Number         0  libshutdown.o ABSOLUTE
    ../clib/libinit.s                        0x00000000   Number         0  libshutdown2.o ABSOLUTE
    ../clib/libinit.s                        0x00000000   Number         0  libinit2.o ABSOLUTE
    ../clib/libinit.s                        0x00000000   Number         0  libinit.o ABSOLUTE
    ../clib/signal.c                         0x00000000   Number         0  defsig_rtred_inner.o ABSOLUTE
    ../clib/signal.c                         0x00000000   Number         0  defsig_general.o ABSOLUTE
    ../clib/signal.c                         0x00000000   Number         0  __raise.o ABSOLUTE
    ../clib/signal.c                         0x00000000   Number         0  defsig_abrt_inner.o ABSOLUTE
    ../clib/signal.c                         0x00000000   Number         0  defsig_fpe_inner.o ABSOLUTE
    ../clib/signal.c                         0x00000000   Number         0  defsig_stak_inner.o ABSOLUTE
    ../clib/signal.c                         0x00000000   Number         0  defsig_fpe_formal.o ABSOLUTE
    ../clib/signal.c                         0x00000000   Number         0  defsig_fpe_outer.o ABSOLUTE
    ../clib/signal.c                         0x00000000   Number         0  defsig_rtmem_formal.o ABSOLUTE
    ../clib/signal.c                         0x00000000   Number         0  defsig_rtmem_outer.o ABSOLUTE
    ../clib/signal.c                         0x00000000   Number         0  defsig_pvfn_inner.o ABSOLUTE
    ../clib/signal.c                         0x00000000   Number         0  defsig_cppl_inner.o ABSOLUTE
    ../clib/signal.c                         0x00000000   Number         0  defsig_segv_inner.o ABSOLUTE
    ../clib/signal.c                         0x00000000   Number         0  defsig_other.o ABSOLUTE
    ../clib/signal.c                         0x00000000   Number         0  defsig_rtmem_inner.o ABSOLUTE
    ../clib/signal.c                         0x00000000   Number         0  defsig_exit.o ABSOLUTE
    ../clib/signal.s                         0x00000000   Number         0  defsig.o ABSOLUTE
    ../clib/stdlib.c                         0x00000000   Number         0  exit.o ABSOLUTE
    ../fplib/cfplib/cmpret.c                 0x00000000   Number         0  cmpret.o ABSOLUTE
    ../fplib/cfplib/daddsub.c                0x00000000   Number         0  daddsub.o ABSOLUTE
    ../fplib/cfplib/dcmpin.c                 0x00000000   Number         0  dcmpin.o ABSOLUTE
    ../fplib/cfplib/ddiv.c                   0x00000000   Number         0  ddiv.o ABSOLUTE
    ../fplib/cfplib/dmul.c                   0x00000000   Number         0  dmul.o ABSOLUTE
    ../fplib/cfplib/dsqrt.c                  0x00000000   Number         0  dsqrt.o ABSOLUTE
    ../fplib/cfplib/f2d.c                    0x00000000   Number         0  f2d.o ABSOLUTE
    ../fplib/cfplib/fcmpin.c                 0x00000000   Number         0  fcmpin.o ABSOLUTE
    ../fplib/cfplib/fdiv.c                   0x00000000   Number         0  fdiv.o ABSOLUTE
    ../fplib/cfplib/ffix.c                   0x00000000   Number         0  ffixi.o ABSOLUTE
    ../fplib/cfplib/ffix.c                   0x00000000   Number         0  ffixui.o ABSOLUTE
    ../fplib/cfplib/ffix.c                   0x00000000   Number         0  dfixi.o ABSOLUTE
    ../fplib/cfplib/fflt.c                   0x00000000   Number         0  dflti.o ABSOLUTE
    ../fplib/cfplib/fflt.c                   0x00000000   Number         0  fflti.o ABSOLUTE
    ../fplib/cfplib/fpinit.c                 0x00000000   Number         0  fpinit.o ABSOLUTE
    ../fplib/cfplib/nan2.c                   0x00000000   Number         0  fnan2.o ABSOLUTE
    ../fplib/cfplib/nan2.c                   0x00000000   Number         0  dnan2.o ABSOLUTE
    ../fplib/cfplib/retnan.c                 0x00000000   Number         0  retnan.o ABSOLUTE
    ../fplib/cfplib/scalbn.c                 0x00000000   Number         0  dscalbn.o ABSOLUTE
    ../fplib/dleqf6m.s                       0x00000000   Number         0  dlef.o ABSOLUTE
    ../fplib/drleqf6m.s                      0x00000000   Number         0  drlef.o ABSOLUTE
    ../fplib/fleqf6m.s                       0x00000000   Number         0  flef.o ABSOLUTE
    ../fplib/fmul6m.s                        0x00000000   Number         0  fmul.o ABSOLUTE
    ../fplib/usenofp.s                       0x00000000   Number         0  usenofp.o ABSOLUTE
    ../mathlib/dunder.c                      0x00000000   Number         0  dunder.o ABSOLUTE
    ../mathlib/fpclassify.c                  0x00000000   Number         0  fpclassify.o ABSOLUTE
    ../mathlib/poly.c                        0x00000000   Number         0  poly.o ABSOLUTE
    ../mathlib/pow.c                         0x00000000   Number         0  pow.o ABSOLUTE
    ../mathlib/pow.c                         0x00000000   Number         0  pow_x.o ABSOLUTE
    ../mathlib/qnan.c                        0x00000000   Number         0  qnan.o ABSOLUTE
    ../mathlib/sqrt.c                        0x00000000   Number         0  sqrt.o ABSOLUTE
    ../mathlib/sqrt.c                        0x00000000   Number         0  sqrt_x.o ABSOLUTE
    RTE\Device\STM32F042G4Ux\startup_stm32f042x6.s 0x00000000   Number         0  startup_stm32f042x6.o ABSOLUTE
    RTE\Device\STM32F042G4Ux\system_stm32f0xx.c 0x00000000   Number         0  system_stm32f0xx.o ABSOLUTE
    RTE\\Device\\STM32F042G4Ux\\system_stm32f0xx.c 0x00000000   Number         0  system_stm32f0xx.o ABSOLUTE
    SSD1306.c                                0x00000000   Number         0  ssd1306.o ABSOLUTE
    SSD1306.c                                0x00000000   Number         0  ssd1306.o ABSOLUTE
    VL53L0X.c                                0x00000000   Number         0  vl53l0x.o ABSOLUTE
    VL53L0X.c                                0x00000000   Number         0  vl53l0x.o ABSOLUTE
    bmp180.c                                 0x00000000   Number         0  bmp180.o ABSOLUTE
    bmp180.c                                 0x00000000   Number         0  bmp180.o ABSOLUTE
    dc.s                                     0x00000000   Number         0  dc.o ABSOLUTE
    main.c                                   0x00000000   Number         0  main.o ABSOLUTE
    main.c                                   0x00000000   Number         0  main.o ABSOLUTE
    RESET                                    0x08000000   Section      192  startup_stm32f042x6.o(RESET)
    !!!main                                  0x080000c0   Section        8  __main.o(!!!main)
    !!!scatter                               0x080000c8   Section       60  __scatter.o(!!!scatter)
    !!handler_copy                           0x08000104   Section       26  __scatter_copy.o(!!handler_copy)
    !!handler_zi                             0x08000120   Section       28  __scatter_zi.o(!!handler_zi)
    .ARM.Collect$$libinit$$00000000          0x0800013c   Section        2  libinit.o(.ARM.Collect$$libinit$$00000000)
    .ARM.Collect$$libinit$$00000002          0x0800013e   Section        0  libinit2.o(.ARM.Collect$$libinit$$00000002)
    .ARM.Collect$$libinit$$00000004          0x0800013e   Section        0  libinit2.o(.ARM.Collect$$libinit$$00000004)
    .ARM.Collect$$libinit$$0000000A          0x0800013e   Section        0  libinit2.o(.ARM.Collect$$libinit$$0000000A)
    .ARM.Collect$$libinit$$0000000C          0x0800013e   Section        0  libinit2.o(.ARM.Collect$$libinit$$0000000C)
    .ARM.Collect$$libinit$$0000000E          0x0800013e   Section        0  libinit2.o(.ARM.Collect$$libinit$$0000000E)
    .ARM.Collect$$libinit$$00000011          0x0800013e   Section        0  libinit2.o(.ARM.Collect$$libinit$$00000011)
    .ARM.Collect$$libinit$$00000013          0x0800013e   Section        0  libinit2.o(.ARM.Collect$$libinit$$00000013)
    .ARM.Collect$$libinit$$00000015          0x0800013e   Section        0  libinit2.o(.ARM.Collect$$libinit$$00000015)
    .ARM.Collect$$libinit$$00000017          0x0800013e   Section        0  libinit2.o(.ARM.Collect$$libinit$$00000017)
    .ARM.Collect$$libinit$$00000019          0x0800013e   Section        0  libinit2.o(.ARM.Collect$$libinit$$00000019)
    .ARM.Collect$$libinit$$0000001B          0x0800013e   Section        0  libinit2.o(.ARM.Collect$$libinit$$0000001B)
    .ARM.Collect$$libinit$$0000001D          0x0800013e   Section        0  libinit2.o(.ARM.Collect$$libinit$$0000001D)
    .ARM.Collect$$libinit$$0000001F          0x0800013e   Section        0  libinit2.o(.ARM.Collect$$libinit$$0000001F)
    .ARM.Collect$$libinit$$00000021          0x0800013e   Section        0  libinit2.o(.ARM.Collect$$libinit$$00000021)
    .ARM.Collect$$libinit$$00000023          0x0800013e   Section        0  libinit2.o(.ARM.Collect$$libinit$$00000023)
    .ARM.Collect$$libinit$$00000025          0x0800013e   Section        0  libinit2.o(.ARM.Collect$$libinit$$00000025)
    .ARM.Collect$$libinit$$0000002C          0x0800013e   Section        0  libinit2.o(.ARM.Collect$$libinit$$0000002C)
    .ARM.Collect$$libinit$$0000002E          0x0800013e   Section        0  libinit2.o(.ARM.Collect$$libinit$$0000002E)
    .ARM.Collect$$libinit$$00000030          0x0800013e   Section        0  libinit2.o(.ARM.Collect$$libinit$$00000030)
    .ARM.Collect$$libinit$$00000032          0x0800013e   Section        0  libinit2.o(.ARM.Collect$$libinit$$00000032)
    .ARM.Collect$$libinit$$00000033          0x0800013e   Section        2  libinit2.o(.ARM.Collect$$libinit$$00000033)
    .ARM.Collect$$libshutdown$$00000000      0x08000140   Section        2  libshutdown.o(.ARM.Collect$$libshutdown$$00000000)
    .ARM.Collect$$libshutdown$$00000002      0x08000142   Section        0  libshutdown2.o(.ARM.Collect$$libshutdown$$00000002)
    .ARM.Collect$$libshutdown$$00000004      0x08000142   Section        0  libshutdown2.o(.ARM.Collect$$libshutdown$$00000004)
    .ARM.Collect$$libshutdown$$00000007      0x08000142   Section        0  libshutdown2.o(.ARM.Collect$$libshutdown$$00000007)
    .ARM.Collect$$libshutdown$$0000000A      0x08000142   Section        0  libshutdown2.o(.ARM.Collect$$libshutdown$$0000000A)
    .ARM.Collect$$libshutdown$$0000000C      0x08000142   Section        0  libshutdown2.o(.ARM.Collect$$libshutdown$$0000000C)
    .ARM.Collect$$libshutdown$$0000000F      0x08000142   Section        0  libshutdown2.o(.ARM.Collect$$libshutdown$$0000000F)
    .ARM.Collect$$libshutdown$$00000010      0x08000142   Section        2  libshutdown2.o(.ARM.Collect$$libshutdown$$00000010)
    .ARM.Collect$$rtentry$$00000000          0x08000144   Section        0  __rtentry.o(.ARM.Collect$$rtentry$$00000000)
    .ARM.Collect$$rtentry$$00000002          0x08000144   Section        0  __rtentry2.o(.ARM.Collect$$rtentry$$00000002)
    .ARM.Collect$$rtentry$$00000004          0x08000144   Section        6  __rtentry4.o(.ARM.Collect$$rtentry$$00000004)
    .ARM.Collect$$rtentry$$00000009          0x0800014a   Section        0  __rtentry2.o(.ARM.Collect$$rtentry$$00000009)
    .ARM.Collect$$rtentry$$0000000A          0x0800014a   Section        4  __rtentry2.o(.ARM.Collect$$rtentry$$0000000A)
    .ARM.Collect$$rtentry$$0000000C          0x0800014e   Section        0  __rtentry2.o(.ARM.Collect$$rtentry$$0000000C)
    .ARM.Collect$$rtentry$$0000000D          0x0800014e   Section        8  __rtentry2.o(.ARM.Collect$$rtentry$$0000000D)
    .ARM.Collect$$rtexit$$00000000           0x08000156   Section        2  rtexit.o(.ARM.Collect$$rtexit$$00000000)
    .ARM.Collect$$rtexit$$00000002           0x08000158   Section        0  rtexit2.o(.ARM.Collect$$rtexit$$00000002)
    .ARM.Collect$$rtexit$$00000003           0x08000158   Section        4  rtexit2.o(.ARM.Collect$$rtexit$$00000003)
    .ARM.Collect$$rtexit$$00000004           0x0800015c   Section        6  rtexit2.o(.ARM.Collect$$rtexit$$00000004)
    .text                                    0x08000164   Section      116  startup_stm32f042x6.o(.text)
    .text                                    0x080001d8   Section      346  aeabi_sdiv.o(.text)
    .text                                    0x08000332   Section        0  heapauxi.o(.text)
    .text                                    0x08000338   Section        0  daddsub.o(.text)
    _dadd1                                   0x08000339   Thumb Code   290  daddsub.o(.text)
    _dsub1                                   0x0800045b   Thumb Code   470  daddsub.o(.text)
    .text                                    0x08000690   Section        0  ddiv.o(.text)
    .text                                    0x08000ad8   Section        0  dfixi.o(.text)
    .text                                    0x08000b44   Section        0  dflti.o(.text)
    .text                                    0x08000b9c   Section        0  dmul.o(.text)
    .text                                    0x08000de4   Section        0  fdiv.o(.text)
    .text                                    0x08000f44   Section        0  ffixi.o(.text)
    .text                                    0x08000f90   Section        0  fflti.o(.text)
    .text                                    0x08000fee   Section        0  _rserrno.o(.text)
    .text                                    0x08001004   Section        0  dcmpin.o(.text)
    .text                                    0x08001094   Section        0  dscalbn.o(.text)
    .text                                    0x080010f4   Section        8  rt_errno_addr_intlibspace.o(.text)
    .text                                    0x080010fc   Section        0  cmpret.o(.text)
    .text                                    0x0800112c   Section        0  dnan2.o(.text)
    .text                                    0x08001140   Section        0  dsqrt.o(.text)
    .text                                    0x08001240   Section        8  libspace.o(.text)
    .text                                    0x08001248   Section       62  sys_stackheap_outer.o(.text)
    .text                                    0x08001286   Section        0  exit.o(.text)
    .text                                    0x08001296   Section        0  retnan.o(.text)
    .text                                    0x080012f4   Section        0  sys_exit.o(.text)
    .text                                    0x08001300   Section        2  use_no_semi.o(.text)
    .text                                    0x08001302   Section        0  indicate_semi.o(.text)
    i.CMD                                    0x08001302   Section        0  ssd1306.o(i.CMD)
    i.I2C_Start                              0x08001314   Section        0  ssd1306.o(i.I2C_Start)
    i.I2C_Stop                               0x08001358   Section        0  ssd1306.o(i.I2C_Stop)
    i.I2C_write                              0x08001394   Section        0  ssd1306.o(i.I2C_write)
    i.LCD_Char                               0x080013bc   Section        0  ssd1306.o(i.LCD_Char)
    i.LCD_Clear                              0x0800141c   Section        0  ssd1306.o(i.LCD_Clear)
    i.LCD_Gotoxy                             0x08001458   Section        0  ssd1306.o(i.LCD_Gotoxy)
    i.LCD_Init                               0x08001494   Section        0  ssd1306.o(i.LCD_Init)
    i.LCD_PrintDec                           0x080014c0   Section        0  ssd1306.o(i.LCD_PrintDec)
    i.LCD_PrintHex                           0x0800153c   Section        0  ssd1306.o(i.LCD_PrintHex)
    i.LCD_PrintStr                           0x080015c6   Section        0  ssd1306.o(i.LCD_PrintStr)
    i.SystemInit                             0x080015e0   Section        0  system_stm32f0xx.o(i.SystemInit)
    i.TIM17_IRQHandler                       0x08001654   Section        0  main.o(i.TIM17_IRQHandler)
    i.TIM2_IRQHandler                        0x08001678   Section        0  main.o(i.TIM2_IRQHandler)
    i.TimingDelayDec                         0x08001680   Section        0  main.o(i.TimingDelayDec)
    i.__ARM_fpclassify                       0x080016d4   Section        0  fpclassify.o(i.__ARM_fpclassify)
    i.__NVIC_SetPriority                     0x08001700   Section        0  main.o(i.__NVIC_SetPriority)
    __NVIC_SetPriority                       0x08001701   Thumb Code   110  main.o(i.__NVIC_SetPriority)
    i.__kernel_poly                          0x08001778   Section        0  poly.o(i.__kernel_poly)
    i.__mathlib_dbl_divzero                  0x08001824   Section        0  dunder.o(i.__mathlib_dbl_divzero)
    i.__mathlib_dbl_infnan2                  0x08001838   Section        0  dunder.o(i.__mathlib_dbl_infnan2)
    i.__mathlib_dbl_invalid                  0x08001840   Section        0  dunder.o(i.__mathlib_dbl_invalid)
    i.__mathlib_dbl_overflow                 0x08001850   Section        0  dunder.o(i.__mathlib_dbl_overflow)
    i.__mathlib_dbl_underflow                0x08001864   Section        0  dunder.o(i.__mathlib_dbl_underflow)
    i.bmp180_Reset                           0x08001878   Section        0  bmp180.o(i.bmp180_Reset)
    i.bmp180_init                            0x08001890   Section        0  bmp180.o(i.bmp180_init)
    i.delay_ms                               0x0800195c   Section        0  main.o(i.delay_ms)
    i.getData                                0x08001970   Section        0  bmp180.o(i.getData)
    i.initial                                0x08001afc   Section        0  main.o(i.initial)
    i.main                                   0x08001c64   Section        0  main.o(i.main)
    i.pow                                    0x08001e64   Section        0  pow.o(i.pow)
    i.readMulti                              0x08002860   Section        0  bmp180.o(i.readMulti)
    i.readReg16                              0x080029ac   Section        0  bmp180.o(i.readReg16)
    i.readReg8                               0x08002b00   Section        0  bmp180.o(i.readReg8)
    i.sqrt                                   0x08002c3c   Section        0  sqrt.o(i.sqrt)
    i.writeReg8                              0x08002c84   Section        0  bmp180.o(i.writeReg8)
    x$fpl$drleqf                             0x08002d3c   Section      104  drlef.o(x$fpl$drleqf)
    x$fpl$fmul                               0x08002da4   Section      176  fmul.o(x$fpl$fmul)
    .constdata                               0x08002e54   Section     1138  ssd1306.o(.constdata)
    x$fpl$usenofp                            0x08002e54   Section        0  usenofp.o(x$fpl$usenofp)
    .constdata                               0x080032c6   Section      128  ddiv.o(.constdata)
    ddiv_reciptbl                            0x080032c6   Data         128  ddiv.o(.constdata)
    .constdata                               0x08003346   Section       64  fdiv.o(.constdata)
    fdiv_tab                                 0x08003346   Data          64  fdiv.o(.constdata)
    .constdata                               0x08003388   Section      136  pow.o(.constdata)
    bp                                       0x08003388   Data          16  pow.o(.constdata)
    dp_h                                     0x08003398   Data          16  pow.o(.constdata)
    dp_l                                     0x080033a8   Data          16  pow.o(.constdata)
    L                                        0x080033b8   Data          48  pow.o(.constdata)
    P                                        0x080033e8   Data          40  pow.o(.constdata)
    .constdata                               0x08003410   Section        8  qnan.o(.constdata)
    .data                                    0x20000000   Section       14  main.o(.data)
    .bss                                     0x20000010   Section       96  libspace.o(.bss)
    HEAP                                     0x20000070   Section      512  startup_stm32f042x6.o(HEAP)
    Heap_Mem                                 0x20000070   Data         512  startup_stm32f042x6.o(HEAP)
    STACK                                    0x20000270   Section     1024  startup_stm32f042x6.o(STACK)
    Stack_Mem                                0x20000270   Data        1024  startup_stm32f042x6.o(STACK)
    __initial_sp                             0x20000670   Data           0  startup_stm32f042x6.o(STACK)

    Global Symbols

    Symbol Name                              Value     Ov Type        Size  Object(Section)

    BuildAttributes$$THM_ISAv3M$S$PE$A:L22$X:L11$S22$IEEE1$IW$USESV6$~STKCKD$USESV7$~SHL$OTIME$ROPI$IEEEX$EBA8$UX$STANDARDLIB$REQ8$PRES8$EABIv2 0x00000000   Number         0  anon$$obj.o ABSOLUTE
    __ARM_use_no_argv                        0x00000000   Number         0  main.o ABSOLUTE
    __ARM_exceptions_init                     - Undefined Weak Reference
    __alloca_initialize                       - Undefined Weak Reference
    __arm_preinit_                            - Undefined Weak Reference
    __cpp_initialize__aeabi_                  - Undefined Weak Reference
    __cxa_finalize                            - Undefined Weak Reference
    __rt_locale                               - Undefined Weak Reference
    __sigvec_lookup                           - Undefined Weak Reference
    _atexit_init                              - Undefined Weak Reference
    _call_atexit_fns                          - Undefined Weak Reference
    _clock_init                               - Undefined Weak Reference
    _fp_trap_init                             - Undefined Weak Reference
    _fp_trap_shutdown                         - Undefined Weak Reference
    _get_lc_collate                           - Undefined Weak Reference
    _get_lc_ctype                             - Undefined Weak Reference
    _get_lc_monetary                          - Undefined Weak Reference
    _get_lc_numeric                           - Undefined Weak Reference
    _get_lc_time                              - Undefined Weak Reference
    _getenv_init                              - Undefined Weak Reference
    _handle_redirection                       - Undefined Weak Reference
    _init_alloc                               - Undefined Weak Reference
    _init_user_alloc                          - Undefined Weak Reference
    _initio                                   - Undefined Weak Reference
    _rand_init                                - Undefined Weak Reference
    _signal_finish                            - Undefined Weak Reference
    _signal_init                              - Undefined Weak Reference
    _terminate_alloc                          - Undefined Weak Reference
    _terminate_user_alloc                     - Undefined Weak Reference
    _terminateio                              - Undefined Weak Reference
    __Vectors_Size                           0x000000c0   Number         0  startup_stm32f042x6.o ABSOLUTE
    __Vectors                                0x08000000   Data           4  startup_stm32f042x6.o(RESET)
    __Vectors_End                            0x080000c0   Data           0  startup_stm32f042x6.o(RESET)
    __main                                   0x080000c1   Thumb Code     8  __main.o(!!!main)
    __scatterload                            0x080000c9   Thumb Code     0  __scatter.o(!!!scatter)
    __scatterload_rt2                        0x080000c9   Thumb Code    52  __scatter.o(!!!scatter)
    __scatterload_rt2_thumb_only             0x080000c9   Thumb Code     0  __scatter.o(!!!scatter)
    __scatterload_null                       0x080000d9   Thumb Code     0  __scatter.o(!!!scatter)
    __scatterload_copy                       0x08000105   Thumb Code    26  __scatter_copy.o(!!handler_copy)
    __scatterload_zeroinit                   0x08000121   Thumb Code    28  __scatter_zi.o(!!handler_zi)
    __rt_lib_init                            0x0800013d   Thumb Code     0  libinit.o(.ARM.Collect$$libinit$$00000000)
    __rt_lib_init_alloca_1                   0x0800013f   Thumb Code     0  libinit2.o(.ARM.Collect$$libinit$$0000002E)
    __rt_lib_init_argv_1                     0x0800013f   Thumb Code     0  libinit2.o(.ARM.Collect$$libinit$$0000002C)
    __rt_lib_init_atexit_1                   0x0800013f   Thumb Code     0  libinit2.o(.ARM.Collect$$libinit$$0000001B)
    __rt_lib_init_clock_1                    0x0800013f   Thumb Code     0  libinit2.o(.ARM.Collect$$libinit$$00000021)
    __rt_lib_init_cpp_1                      0x0800013f   Thumb Code     0  libinit2.o(.ARM.Collect$$libinit$$00000032)
    __rt_lib_init_exceptions_1               0x0800013f   Thumb Code     0  libinit2.o(.ARM.Collect$$libinit$$00000030)
    __rt_lib_init_fp_1                       0x0800013f   Thumb Code     0  libinit2.o(.ARM.Collect$$libinit$$00000002)
    __rt_lib_init_fp_trap_1                  0x0800013f   Thumb Code     0  libinit2.o(.ARM.Collect$$libinit$$0000001F)
    __rt_lib_init_getenv_1                   0x0800013f   Thumb Code     0  libinit2.o(.ARM.Collect$$libinit$$00000023)
    __rt_lib_init_heap_1                     0x0800013f   Thumb Code     0  libinit2.o(.ARM.Collect$$libinit$$0000000A)
    __rt_lib_init_lc_collate_1               0x0800013f   Thumb Code     0  libinit2.o(.ARM.Collect$$libinit$$00000011)
    __rt_lib_init_lc_ctype_1                 0x0800013f   Thumb Code     0  libinit2.o(.ARM.Collect$$libinit$$00000013)
    __rt_lib_init_lc_monetary_1              0x0800013f   Thumb Code     0  libinit2.o(.ARM.Collect$$libinit$$00000015)
    __rt_lib_init_lc_numeric_1               0x0800013f   Thumb Code     0  libinit2.o(.ARM.Collect$$libinit$$00000017)
    __rt_lib_init_lc_time_1                  0x0800013f   Thumb Code     0  libinit2.o(.ARM.Collect$$libinit$$00000019)
    __rt_lib_init_preinit_1                  0x0800013f   Thumb Code     0  libinit2.o(.ARM.Collect$$libinit$$00000004)
    __rt_lib_init_rand_1                     0x0800013f   Thumb Code     0  libinit2.o(.ARM.Collect$$libinit$$0000000E)
    __rt_lib_init_return                     0x0800013f   Thumb Code     0  libinit2.o(.ARM.Collect$$libinit$$00000033)
    __rt_lib_init_signal_1                   0x0800013f   Thumb Code     0  libinit2.o(.ARM.Collect$$libinit$$0000001D)
    __rt_lib_init_stdio_1                    0x0800013f   Thumb Code     0  libinit2.o(.ARM.Collect$$libinit$$00000025)
    __rt_lib_init_user_alloc_1               0x0800013f   Thumb Code     0  libinit2.o(.ARM.Collect$$libinit$$0000000C)
    __rt_lib_shutdown                        0x08000141   Thumb Code     0  libshutdown.o(.ARM.Collect$$libshutdown$$00000000)
    __rt_lib_shutdown_cpp_1                  0x08000143   Thumb Code     0  libshutdown2.o(.ARM.Collect$$libshutdown$$00000002)
    __rt_lib_shutdown_fp_trap_1              0x08000143   Thumb Code     0  libshutdown2.o(.ARM.Collect$$libshutdown$$00000007)
    __rt_lib_shutdown_heap_1                 0x08000143   Thumb Code     0  libshutdown2.o(.ARM.Collect$$libshutdown$$0000000F)
    __rt_lib_shutdown_return                 0x08000143   Thumb Code     0  libshutdown2.o(.ARM.Collect$$libshutdown$$00000010)
    __rt_lib_shutdown_signal_1               0x08000143   Thumb Code     0  libshutdown2.o(.ARM.Collect$$libshutdown$$0000000A)
    __rt_lib_shutdown_stdio_1                0x08000143   Thumb Code     0  libshutdown2.o(.ARM.Collect$$libshutdown$$00000004)
    __rt_lib_shutdown_user_alloc_1           0x08000143   Thumb Code     0  libshutdown2.o(.ARM.Collect$$libshutdown$$0000000C)
    __rt_entry                               0x08000145   Thumb Code     0  __rtentry.o(.ARM.Collect$$rtentry$$00000000)
    __rt_entry_presh_1                       0x08000145   Thumb Code     0  __rtentry2.o(.ARM.Collect$$rtentry$$00000002)
    __rt_entry_sh                            0x08000145   Thumb Code     0  __rtentry4.o(.ARM.Collect$$rtentry$$00000004)
    __rt_entry_li                            0x0800014b   Thumb Code     0  __rtentry2.o(.ARM.Collect$$rtentry$$0000000A)
    __rt_entry_postsh_1                      0x0800014b   Thumb Code     0  __rtentry2.o(.ARM.Collect$$rtentry$$00000009)
    __rt_entry_main                          0x0800014f   Thumb Code     0  __rtentry2.o(.ARM.Collect$$rtentry$$0000000D)
    __rt_entry_postli_1                      0x0800014f   Thumb Code     0  __rtentry2.o(.ARM.Collect$$rtentry$$0000000C)
    __rt_exit                                0x08000157   Thumb Code     0  rtexit.o(.ARM.Collect$$rtexit$$00000000)
    __rt_exit_ls                             0x08000159   Thumb Code     0  rtexit2.o(.ARM.Collect$$rtexit$$00000003)
    __rt_exit_prels_1                        0x08000159   Thumb Code     0  rtexit2.o(.ARM.Collect$$rtexit$$00000002)
    __rt_exit_exit                           0x0800015d   Thumb Code     0  rtexit2.o(.ARM.Collect$$rtexit$$00000004)
    Reset_Handler                            0x08000165   Thumb Code    38  startup_stm32f042x6.o(.text)
    NMI_Handler                              0x0800018b   Thumb Code     2  startup_stm32f042x6.o(.text)
    HardFault_Handler                        0x0800018d   Thumb Code     2  startup_stm32f042x6.o(.text)
    SVC_Handler                              0x0800018f   Thumb Code     2  startup_stm32f042x6.o(.text)
    PendSV_Handler                           0x08000191   Thumb Code     2  startup_stm32f042x6.o(.text)
    SysTick_Handler                          0x08000193   Thumb Code     2  startup_stm32f042x6.o(.text)
    ADC1_IRQHandler                          0x08000195   Thumb Code     0  startup_stm32f042x6.o(.text)
    CEC_CAN_IRQHandler                       0x08000195   Thumb Code     0  startup_stm32f042x6.o(.text)
    DMA1_Channel1_IRQHandler                 0x08000195   Thumb Code     0  startup_stm32f042x6.o(.text)
    DMA1_Channel2_3_IRQHandler               0x08000195   Thumb Code     0  startup_stm32f042x6.o(.text)
    DMA1_Channel4_5_IRQHandler               0x08000195   Thumb Code     0  startup_stm32f042x6.o(.text)
    EXTI0_1_IRQHandler                       0x08000195   Thumb Code     0  startup_stm32f042x6.o(.text)
    EXTI2_3_IRQHandler                       0x08000195   Thumb Code     0  startup_stm32f042x6.o(.text)
    EXTI4_15_IRQHandler                      0x08000195   Thumb Code     0  startup_stm32f042x6.o(.text)
    FLASH_IRQHandler                         0x08000195   Thumb Code     0  startup_stm32f042x6.o(.text)
    I2C1_IRQHandler                          0x08000195   Thumb Code     0  startup_stm32f042x6.o(.text)
    PVD_VDDIO2_IRQHandler                    0x08000195   Thumb Code     0  startup_stm32f042x6.o(.text)
    RCC_CRS_IRQHandler                       0x08000195   Thumb Code     0  startup_stm32f042x6.o(.text)
    RTC_IRQHandler                           0x08000195   Thumb Code     0  startup_stm32f042x6.o(.text)
    SPI1_IRQHandler                          0x08000195   Thumb Code     0  startup_stm32f042x6.o(.text)
    SPI2_IRQHandler                          0x08000195   Thumb Code     0  startup_stm32f042x6.o(.text)
    TIM14_IRQHandler                         0x08000195   Thumb Code     0  startup_stm32f042x6.o(.text)
    TIM16_IRQHandler                         0x08000195   Thumb Code     0  startup_stm32f042x6.o(.text)
    TIM1_BRK_UP_TRG_COM_IRQHandler           0x08000195   Thumb Code     0  startup_stm32f042x6.o(.text)
    TIM1_CC_IRQHandler                       0x08000195   Thumb Code     0  startup_stm32f042x6.o(.text)
    TIM3_IRQHandler                          0x08000195   Thumb Code     0  startup_stm32f042x6.o(.text)
    TSC_IRQHandler                           0x08000195   Thumb Code     0  startup_stm32f042x6.o(.text)
    USART1_IRQHandler                        0x08000195   Thumb Code     0  startup_stm32f042x6.o(.text)
    USART2_IRQHandler                        0x08000195   Thumb Code     0  startup_stm32f042x6.o(.text)
    USB_IRQHandler                           0x08000195   Thumb Code     0  startup_stm32f042x6.o(.text)
    WWDG_IRQHandler                          0x08000195   Thumb Code     0  startup_stm32f042x6.o(.text)
    __user_initial_stackheap                 0x08000199   Thumb Code     0  startup_stm32f042x6.o(.text)
    __aeabi_uidiv                            0x080001d9   Thumb Code     0  aeabi_sdiv.o(.text)
    __aeabi_uidivmod                         0x080001d9   Thumb Code    20  aeabi_sdiv.o(.text)
    __aeabi_idiv                             0x080001ed   Thumb Code     0  aeabi_sdiv.o(.text)
    __aeabi_idivmod                          0x080001ed   Thumb Code   326  aeabi_sdiv.o(.text)
    __use_two_region_memory                  0x08000333   Thumb Code     2  heapauxi.o(.text)
    __rt_heap_escrow$2region                 0x08000335   Thumb Code     2  heapauxi.o(.text)
    __rt_heap_expand$2region                 0x08000337   Thumb Code     2  heapauxi.o(.text)
    __aeabi_dadd                             0x08000631   Thumb Code     0  daddsub.o(.text)
    _dadd                                    0x08000631   Thumb Code    26  daddsub.o(.text)
    __aeabi_dsub                             0x0800064b   Thumb Code     0  daddsub.o(.text)
    _dsub                                    0x0800064b   Thumb Code    22  daddsub.o(.text)
    __aeabi_drsub                            0x08000661   Thumb Code     0  daddsub.o(.text)
    _drsb                                    0x08000661   Thumb Code    28  daddsub.o(.text)
    __aeabi_ddiv                             0x08000691   Thumb Code     0  ddiv.o(.text)
    _ddiv                                    0x08000691   Thumb Code  1072  ddiv.o(.text)
    _drdiv                                   0x08000ac1   Thumb Code    20  ddiv.o(.text)
    __aeabi_d2iz                             0x08000ad9   Thumb Code     0  dfixi.o(.text)
    _dfix                                    0x08000ad9   Thumb Code    98  dfixi.o(.text)
    __aeabi_i2d_normalise                    0x08000b45   Thumb Code    66  dflti.o(.text)
    __aeabi_i2d                              0x08000b87   Thumb Code    16  dflti.o(.text)
    _dflt                                    0x08000b87   Thumb Code     0  dflti.o(.text)
    __aeabi_ui2d                             0x08000b97   Thumb Code     6  dflti.o(.text)
    _dfltu                                   0x08000b97   Thumb Code     0  dflti.o(.text)
    __aeabi_dmul                             0x08000b9d   Thumb Code     0  dmul.o(.text)
    _dmul                                    0x08000b9d   Thumb Code   558  dmul.o(.text)
    __aeabi_fdiv                             0x08000de5   Thumb Code     0  fdiv.o(.text)
    _fdiv                                    0x08000de5   Thumb Code   334  fdiv.o(.text)
    _frdiv                                   0x08000f33   Thumb Code     8  fdiv.o(.text)
    __aeabi_f2iz                             0x08000f45   Thumb Code     0  ffixi.o(.text)
    _ffix                                    0x08000f45   Thumb Code    76  ffixi.o(.text)
    __aeabi_i2f_normalise                    0x08000f91   Thumb Code    72  fflti.o(.text)
    __aeabi_i2f                              0x08000fd9   Thumb Code    16  fflti.o(.text)
    _fflt                                    0x08000fd9   Thumb Code     0  fflti.o(.text)
    __aeabi_ui2f                             0x08000fe9   Thumb Code     6  fflti.o(.text)
    _ffltu                                   0x08000fe9   Thumb Code     0  fflti.o(.text)
    __read_errno                             0x08000fef   Thumb Code    10  _rserrno.o(.text)
    __set_errno                              0x08000ff9   Thumb Code    12  _rserrno.o(.text)
    __fpl_dcmp_InfNaN                        0x08001005   Thumb Code   140  dcmpin.o(.text)
    __ARM_scalbn                             0x08001095   Thumb Code    84  dscalbn.o(.text)
    __aeabi_errno_addr                       0x080010f5   Thumb Code     8  rt_errno_addr_intlibspace.o(.text)
    __errno$intlibspace                      0x080010f5   Thumb Code     0  rt_errno_addr_intlibspace.o(.text)
    __rt_errno_addr$intlibspace              0x080010f5   Thumb Code     0  rt_errno_addr_intlibspace.o(.text)
    __fpl_cmpreturn                          0x080010fd   Thumb Code    46  cmpret.o(.text)
    __fpl_dcheck_NaN2                        0x0800112d   Thumb Code    14  dnan2.o(.text)
    _dsqrt                                   0x08001141   Thumb Code   248  dsqrt.o(.text)
    __user_libspace                          0x08001241   Thumb Code     8  libspace.o(.text)
    __user_perproc_libspace                  0x08001241   Thumb Code     0  libspace.o(.text)
    __user_perthread_libspace                0x08001241   Thumb Code     0  libspace.o(.text)
    __user_setup_stackheap                   0x08001249   Thumb Code    62  sys_stackheap_outer.o(.text)
    exit                                     0x08001287   Thumb Code    16  exit.o(.text)
    __fpl_return_NaN                         0x08001297   Thumb Code    94  retnan.o(.text)
    _sys_exit                                0x080012f5   Thumb Code     8  sys_exit.o(.text)
    __I$use$semihosting                      0x08001301   Thumb Code     0  use_no_semi.o(.text)
    __use_no_semihosting_swi                 0x08001301   Thumb Code     2  use_no_semi.o(.text)
    CMD                                      0x08001303   Thumb Code    18  ssd1306.o(i.CMD)
    __semihosting_library_function           0x08001303   Thumb Code     0  indicate_semi.o(.text)
    I2C_Start                                0x08001315   Thumb Code    56  ssd1306.o(i.I2C_Start)
    I2C_Stop                                 0x08001359   Thumb Code    54  ssd1306.o(i.I2C_Stop)
    I2C_write                                0x08001395   Thumb Code    34  ssd1306.o(i.I2C_write)
    LCD_Char                                 0x080013bd   Thumb Code    90  ssd1306.o(i.LCD_Char)
    LCD_Clear                                0x0800141d   Thumb Code    60  ssd1306.o(i.LCD_Clear)
    LCD_Gotoxy                               0x08001459   Thumb Code    58  ssd1306.o(i.LCD_Gotoxy)
    LCD_Init                                 0x08001495   Thumb Code    38  ssd1306.o(i.LCD_Init)
    LCD_PrintDec                             0x080014c1   Thumb Code   124  ssd1306.o(i.LCD_PrintDec)
    LCD_PrintHex                             0x0800153d   Thumb Code   138  ssd1306.o(i.LCD_PrintHex)
    LCD_PrintStr                             0x080015c7   Thumb Code    26  ssd1306.o(i.LCD_PrintStr)
    SystemInit                               0x080015e1   Thumb Code   104  system_stm32f0xx.o(i.SystemInit)
    TIM17_IRQHandler                         0x08001655   Thumb Code    32  main.o(i.TIM17_IRQHandler)
    TIM2_IRQHandler                          0x08001679   Thumb Code     8  main.o(i.TIM2_IRQHandler)
    TimingDelayDec                           0x08001681   Thumb Code    68  main.o(i.TimingDelayDec)
    __ARM_fpclassify                         0x080016d5   Thumb Code    40  fpclassify.o(i.__ARM_fpclassify)
    __kernel_poly                            0x08001779   Thumb Code   172  poly.o(i.__kernel_poly)
    __mathlib_dbl_divzero                    0x08001825   Thumb Code    16  dunder.o(i.__mathlib_dbl_divzero)
    __mathlib_dbl_infnan2                    0x08001839   Thumb Code     8  dunder.o(i.__mathlib_dbl_infnan2)
    __mathlib_dbl_invalid                    0x08001841   Thumb Code    16  dunder.o(i.__mathlib_dbl_invalid)
    __mathlib_dbl_overflow                   0x08001851   Thumb Code    16  dunder.o(i.__mathlib_dbl_overflow)
    __mathlib_dbl_underflow                  0x08001865   Thumb Code    14  dunder.o(i.__mathlib_dbl_underflow)
    bmp180_Reset                             0x08001879   Thumb Code    24  bmp180.o(i.bmp180_Reset)
    bmp180_init                              0x08001891   Thumb Code   204  bmp180.o(i.bmp180_init)
    delay_ms                                 0x0800195d   Thumb Code    16  main.o(i.delay_ms)
    getData                                  0x08001971   Thumb Code   376  bmp180.o(i.getData)
    initial                                  0x08001afd   Thumb Code   330  main.o(i.initial)
    main                                     0x08001c65   Thumb Code   378  main.o(i.main)
    pow                                      0x08001e65   Thumb Code  2548  pow.o(i.pow)
    readMulti                                0x08002861   Thumb Code   312  bmp180.o(i.readMulti)
    readReg16                                0x080029ad   Thumb Code   318  bmp180.o(i.readReg16)
    readReg8                                 0x08002b01   Thumb Code   294  bmp180.o(i.readReg8)
    sqrt                                     0x08002c3d   Thumb Code    66  sqrt.o(i.sqrt)
    writeReg8                                0x08002c85   Thumb Code   172  bmp180.o(i.writeReg8)
    __aeabi_cdrcmple                         0x08002d3d   Thumb Code     0  drlef.o(x$fpl$drleqf)
    _drcmple                                 0x08002d3d   Thumb Code   100  drlef.o(x$fpl$drleqf)
    __aeabi_fmul                             0x08002da5   Thumb Code     0  fmul.o(x$fpl$fmul)
    _fmul                                    0x08002da5   Thumb Code   172  fmul.o(x$fpl$fmul)
    __I$use$fp                               0x08002e54   Number         0  usenofp.o(x$fpl$usenofp)
    init_lcd                                 0x08002e54   Data          18  ssd1306.o(.constdata)
    font                                     0x08002e66   Data        1120  ssd1306.o(.constdata)
    __mathlib_zero                           0x08003410   Data           8  qnan.o(.constdata)
    Region$$Table$$Base                      0x08003418   Number         0  anon$$obj.o(Region$$Table)
    Region$$Table$$Limit                     0x08003438   Number         0  anon$$obj.o(Region$$Table)
    i                                        0x20000000   Data           1  main.o(.data)
    j                                        0x20000001   Data           1  main.o(.data)
    flag                                     0x20000002   Data           1  main.o(.data)
    TimingDelay                              0x20000004   Data           2  main.o(.data)
    led_count                                0x20000006   Data           2  main.o(.data)
    sec05_f                                  0x20000008   Data           2  main.o(.data)
    s                                        0x2000000a   Data           2  main.o(.data)
    counter                                  0x2000000c   Data           2  main.o(.data)
    __libspace_start                         0x20000010   Data          96  libspace.o(.bss)
    __temporary_stack_top$libspace           0x20000070   Data           0  libspace.o(.bss)



==============================================================================

Memory Map of the image

  Image Entry point : 0x08000165

  Load Region LR_1 (Base: 0x08000000, Size: 0x00003448, Max: 0xffffffff, ABSOLUTE)

    Execution Region ER_RO (Exec base: 0x08000000, Load base: 0x08000000, Size: 0x00003438, Max: 0xffffffff, ABSOLUTE)

    Exec Addr    Load Addr    Size         Type   Attr      Idx    E Section Name        Object

    0x08000000   0x08000000   0x000000c0   Data   RO          497    RESET               startup_stm32f042x6.o
    0x080000c0   0x080000c0   0x00000008   Code   RO          543  * !!!main             c_p.l(__main.o)
    0x080000c8   0x080000c8   0x0000003c   Code   RO          803    !!!scatter          c_p.l(__scatter.o)
    0x08000104   0x08000104   0x0000001a   Code   RO          805    !!handler_copy      c_p.l(__scatter_copy.o)
    0x0800011e   0x0800011e   0x00000002   PAD
    0x08000120   0x08000120   0x0000001c   Code   RO          807    !!handler_zi        c_p.l(__scatter_zi.o)
    0x0800013c   0x0800013c   0x00000002   Code   RO          673    .ARM.Collect$$libinit$$00000000  c_p.l(libinit.o)
    0x0800013e   0x0800013e   0x00000000   Code   RO          686    .ARM.Collect$$libinit$$00000002  c_p.l(libinit2.o)
    0x0800013e   0x0800013e   0x00000000   Code   RO          688    .ARM.Collect$$libinit$$00000004  c_p.l(libinit2.o)
    0x0800013e   0x0800013e   0x00000000   Code   RO          691    .ARM.Collect$$libinit$$0000000A  c_p.l(libinit2.o)
    0x0800013e   0x0800013e   0x00000000   Code   RO          693    .ARM.Collect$$libinit$$0000000C  c_p.l(libinit2.o)
    0x0800013e   0x0800013e   0x00000000   Code   RO          695    .ARM.Collect$$libinit$$0000000E  c_p.l(libinit2.o)
    0x0800013e   0x0800013e   0x00000000   Code   RO          698    .ARM.Collect$$libinit$$00000011  c_p.l(libinit2.o)
    0x0800013e   0x0800013e   0x00000000   Code   RO          700    .ARM.Collect$$libinit$$00000013  c_p.l(libinit2.o)
    0x0800013e   0x0800013e   0x00000000   Code   RO          702    .ARM.Collect$$libinit$$00000015  c_p.l(libinit2.o)
    0x0800013e   0x0800013e   0x00000000   Code   RO          704    .ARM.Collect$$libinit$$00000017  c_p.l(libinit2.o)
    0x0800013e   0x0800013e   0x00000000   Code   RO          706    .ARM.Collect$$libinit$$00000019  c_p.l(libinit2.o)
    0x0800013e   0x0800013e   0x00000000   Code   RO          708    .ARM.Collect$$libinit$$0000001B  c_p.l(libinit2.o)
    0x0800013e   0x0800013e   0x00000000   Code   RO          710    .ARM.Collect$$libinit$$0000001D  c_p.l(libinit2.o)
    0x0800013e   0x0800013e   0x00000000   Code   RO          712    .ARM.Collect$$libinit$$0000001F  c_p.l(libinit2.o)
    0x0800013e   0x0800013e   0x00000000   Code   RO          714    .ARM.Collect$$libinit$$00000021  c_p.l(libinit2.o)
    0x0800013e   0x0800013e   0x00000000   Code   RO          716    .ARM.Collect$$libinit$$00000023  c_p.l(libinit2.o)
    0x0800013e   0x0800013e   0x00000000   Code   RO          718    .ARM.Collect$$libinit$$00000025  c_p.l(libinit2.o)
    0x0800013e   0x0800013e   0x00000000   Code   RO          722    .ARM.Collect$$libinit$$0000002C  c_p.l(libinit2.o)
    0x0800013e   0x0800013e   0x00000000   Code   RO          724    .ARM.Collect$$libinit$$0000002E  c_p.l(libinit2.o)
    0x0800013e   0x0800013e   0x00000000   Code   RO          726    .ARM.Collect$$libinit$$00000030  c_p.l(libinit2.o)
    0x0800013e   0x0800013e   0x00000000   Code   RO          728    .ARM.Collect$$libinit$$00000032  c_p.l(libinit2.o)
    0x0800013e   0x0800013e   0x00000002   Code   RO          729    .ARM.Collect$$libinit$$00000033  c_p.l(libinit2.o)
    0x08000140   0x08000140   0x00000002   Code   RO          760    .ARM.Collect$$libshutdown$$00000000  c_p.l(libshutdown.o)
    0x08000142   0x08000142   0x00000000   Code   RO          786    .ARM.Collect$$libshutdown$$00000002  c_p.l(libshutdown2.o)
    0x08000142   0x08000142   0x00000000   Code   RO          788    .ARM.Collect$$libshutdown$$00000004  c_p.l(libshutdown2.o)
    0x08000142   0x08000142   0x00000000   Code   RO          791    .ARM.Collect$$libshutdown$$00000007  c_p.l(libshutdown2.o)
    0x08000142   0x08000142   0x00000000   Code   RO          794    .ARM.Collect$$libshutdown$$0000000A  c_p.l(libshutdown2.o)
    0x08000142   0x08000142   0x00000000   Code   RO          796    .ARM.Collect$$libshutdown$$0000000C  c_p.l(libshutdown2.o)
    0x08000142   0x08000142   0x00000000   Code   RO          799    .ARM.Collect$$libshutdown$$0000000F  c_p.l(libshutdown2.o)
    0x08000142   0x08000142   0x00000002   Code   RO          800    .ARM.Collect$$libshutdown$$00000010  c_p.l(libshutdown2.o)
    0x08000144   0x08000144   0x00000000   Code   RO          583    .ARM.Collect$$rtentry$$00000000  c_p.l(__rtentry.o)
    0x08000144   0x08000144   0x00000000   Code   RO          625    .ARM.Collect$$rtentry$$00000002  c_p.l(__rtentry2.o)
    0x08000144   0x08000144   0x00000006   Code   RO          637    .ARM.Collect$$rtentry$$00000004  c_p.l(__rtentry4.o)
    0x0800014a   0x0800014a   0x00000000   Code   RO          627    .ARM.Collect$$rtentry$$00000009  c_p.l(__rtentry2.o)
    0x0800014a   0x0800014a   0x00000004   Code   RO          628    .ARM.Collect$$rtentry$$0000000A  c_p.l(__rtentry2.o)
    0x0800014e   0x0800014e   0x00000000   Code   RO          630    .ARM.Collect$$rtentry$$0000000C  c_p.l(__rtentry2.o)
    0x0800014e   0x0800014e   0x00000008   Code   RO          631    .ARM.Collect$$rtentry$$0000000D  c_p.l(__rtentry2.o)
    0x08000156   0x08000156   0x00000002   Code   RO          677    .ARM.Collect$$rtexit$$00000000  c_p.l(rtexit.o)
    0x08000158   0x08000158   0x00000000   Code   RO          733    .ARM.Collect$$rtexit$$00000002  c_p.l(rtexit2.o)
    0x08000158   0x08000158   0x00000004   Code   RO          734    .ARM.Collect$$rtexit$$00000003  c_p.l(rtexit2.o)
    0x0800015c   0x0800015c   0x00000006   Code   RO          735    .ARM.Collect$$rtexit$$00000004  c_p.l(rtexit2.o)
    0x08000162   0x08000162   0x00000002   PAD
    0x08000164   0x08000164   0x00000074   Code   RO          498  * .text               startup_stm32f042x6.o
    0x080001d8   0x080001d8   0x0000015a   Code   RO          537    .text               c_p.l(aeabi_sdiv.o)
    0x08000332   0x08000332   0x00000006   Code   RO          541    .text               c_p.l(heapauxi.o)
    0x08000338   0x08000338   0x00000358   Code   RO          545    .text               fz_ps.l(daddsub.o)
    0x08000690   0x08000690   0x00000448   Code   RO          547    .text               fz_ps.l(ddiv.o)
    0x08000ad8   0x08000ad8   0x0000006c   Code   RO          550    .text               fz_ps.l(dfixi.o)
    0x08000b44   0x08000b44   0x00000058   Code   RO          552    .text               fz_ps.l(dflti.o)
    0x08000b9c   0x08000b9c   0x00000248   Code   RO          554    .text               fz_ps.l(dmul.o)
    0x08000de4   0x08000de4   0x00000160   Code   RO          560    .text               fz_ps.l(fdiv.o)
    0x08000f44   0x08000f44   0x0000004c   Code   RO          563    .text               fz_ps.l(ffixi.o)
    0x08000f90   0x08000f90   0x0000005e   Code   RO          567    .text               fz_ps.l(fflti.o)
    0x08000fee   0x08000fee   0x00000016   Code   RO          588    .text               c_p.l(_rserrno.o)
    0x08001004   0x08001004   0x00000090   Code   RO          590    .text               fz_ps.l(dcmpin.o)
    0x08001094   0x08001094   0x00000060   Code   RO          592    .text               fz_ps.l(dscalbn.o)
    0x080010f4   0x080010f4   0x00000008   Code   RO          644    .text               c_p.l(rt_errno_addr_intlibspace.o)
    0x080010fc   0x080010fc   0x0000002e   Code   RO          646    .text               fz_ps.l(cmpret.o)
    0x0800112a   0x0800112a   0x00000002   PAD
    0x0800112c   0x0800112c   0x00000014   Code   RO          650    .text               fz_ps.l(dnan2.o)
    0x08001140   0x08001140   0x00000100   Code   RO          652    .text               fz_ps.l(dsqrt.o)
    0x08001240   0x08001240   0x00000008   Code   RO          656    .text               c_p.l(libspace.o)
    0x08001248   0x08001248   0x0000003e   Code   RO          659    .text               c_p.l(sys_stackheap_outer.o)
    0x08001286   0x08001286   0x00000010   Code   RO          662    .text               c_p.l(exit.o)
    0x08001296   0x08001296   0x0000005e   Code   RO          674    .text               fz_ps.l(retnan.o)
    0x080012f4   0x080012f4   0x0000000c   Code   RO          730    .text               c_p.l(sys_exit.o)
    0x08001300   0x08001300   0x00000002   Code   RO          749    .text               c_p.l(use_no_semi.o)
    0x08001302   0x08001302   0x00000000   Code   RO          751    .text               c_p.l(indicate_semi.o)
    0x08001302   0x08001302   0x00000012   Code   RO          292    i.CMD               ssd1306.o
    0x08001314   0x08001314   0x00000044   Code   RO          294    i.I2C_Start         ssd1306.o
    0x08001358   0x08001358   0x0000003c   Code   RO          295    i.I2C_Stop          ssd1306.o
    0x08001394   0x08001394   0x00000028   Code   RO          296    i.I2C_write         ssd1306.o
    0x080013bc   0x080013bc   0x00000060   Code   RO          297    i.LCD_Char          ssd1306.o
    0x0800141c   0x0800141c   0x0000003c   Code   RO          298    i.LCD_Clear         ssd1306.o
    0x08001458   0x08001458   0x0000003a   Code   RO          300    i.LCD_Gotoxy        ssd1306.o
    0x08001492   0x08001492   0x00000002   PAD
    0x08001494   0x08001494   0x0000002c   Code   RO          301    i.LCD_Init          ssd1306.o
    0x080014c0   0x080014c0   0x0000007c   Code   RO          303    i.LCD_PrintDec      ssd1306.o
    0x0800153c   0x0800153c   0x0000008a   Code   RO          304    i.LCD_PrintHex      ssd1306.o
    0x080015c6   0x080015c6   0x0000001a   Code   RO          305    i.LCD_PrintStr      ssd1306.o
    0x080015e0   0x080015e0   0x00000074   Code   RO          505    i.SystemInit        system_stm32f0xx.o
    0x08001654   0x08001654   0x00000024   Code   RO            3    i.TIM17_IRQHandler  main.o
    0x08001678   0x08001678   0x00000008   Code   RO            4    i.TIM2_IRQHandler   main.o
    0x08001680   0x08001680   0x00000054   Code   RO            5    i.TimingDelayDec    main.o
    0x080016d4   0x080016d4   0x0000002c   Code   RO          611    i.__ARM_fpclassify  m_ps.l(fpclassify.o)
    0x08001700   0x08001700   0x00000078   Code   RO            6    i.__NVIC_SetPriority  main.o
    0x08001778   0x08001778   0x000000ac   Code   RO          613    i.__kernel_poly     m_ps.l(poly.o)
    0x08001824   0x08001824   0x00000014   Code   RO          597    i.__mathlib_dbl_divzero  m_ps.l(dunder.o)
    0x08001838   0x08001838   0x00000008   Code   RO          599    i.__mathlib_dbl_infnan2  m_ps.l(dunder.o)
    0x08001840   0x08001840   0x00000010   Code   RO          600    i.__mathlib_dbl_invalid  m_ps.l(dunder.o)
    0x08001850   0x08001850   0x00000014   Code   RO          601    i.__mathlib_dbl_overflow  m_ps.l(dunder.o)
    0x08001864   0x08001864   0x00000014   Code   RO          603    i.__mathlib_dbl_underflow  m_ps.l(dunder.o)
    0x08001878   0x08001878   0x00000018   Code   RO          441    i.bmp180_Reset      bmp180.o
    0x08001890   0x08001890   0x000000cc   Code   RO          442    i.bmp180_init       bmp180.o
    0x0800195c   0x0800195c   0x00000014   Code   RO            7    i.delay_ms          main.o
    0x08001970   0x08001970   0x0000018c   Code   RO          443    i.getData           bmp180.o
    0x08001afc   0x08001afc   0x00000168   Code   RO            8    i.initial           main.o
    0x08001c64   0x08001c64   0x00000200   Code   RO            9    i.main              main.o
    0x08001e64   0x08001e64   0x000009fc   Code   RO          574    i.pow               m_ps.l(pow.o)
    0x08002860   0x08002860   0x0000014c   Code   RO          444    i.readMulti         bmp180.o
    0x080029ac   0x080029ac   0x00000154   Code   RO          445    i.readReg16         bmp180.o
    0x08002b00   0x08002b00   0x0000013c   Code   RO          446    i.readReg8          bmp180.o
    0x08002c3c   0x08002c3c   0x00000048   Code   RO          617    i.sqrt              m_ps.l(sqrt.o)
    0x08002c84   0x08002c84   0x000000b8   Code   RO          447    i.writeReg8         bmp180.o
    0x08002d3c   0x08002d3c   0x00000068   Code   RO          556    x$fpl$drleqf        fz_ps.l(drlef.o)
    0x08002da4   0x08002da4   0x000000b0   Code   RO          571    x$fpl$fmul          fz_ps.l(fmul.o)
    0x08002e54   0x08002e54   0x00000000   Code   RO          596    x$fpl$usenofp       fz_ps.l(usenofp.o)
    0x08002e54   0x08002e54   0x00000472   Data   RO          314    .constdata          ssd1306.o
    0x080032c6   0x080032c6   0x00000080   Data   RO          548    .constdata          fz_ps.l(ddiv.o)
    0x08003346   0x08003346   0x00000040   Data   RO          561    .constdata          fz_ps.l(fdiv.o)
    0x08003386   0x08003386   0x00000002   PAD
    0x08003388   0x08003388   0x00000088   Data   RO          575    .constdata          m_ps.l(pow.o)
    0x08003410   0x08003410   0x00000008   Data   RO          615    .constdata          m_ps.l(qnan.o)
    0x08003418   0x08003418   0x00000020   Data   RO          801    Region$$Table       anon$$obj.o


    Execution Region ER_RW (Exec base: 0x20000000, Load base: 0x08003438, Size: 0x00000010, Max: 0xffffffff, ABSOLUTE)

    Exec Addr    Load Addr    Size         Type   Attr      Idx    E Section Name        Object

    0x20000000   0x08003438   0x0000000e   Data   RW           10    .data               main.o


    Execution Region ER_ZI (Exec base: 0x20000010, Load base: 0x08003448, Size: 0x00000660, Max: 0xffffffff, ABSOLUTE)

    Exec Addr    Load Addr    Size         Type   Attr      Idx    E Section Name        Object

    0x20000010        -       0x00000060   Zero   RW          657    .bss                c_p.l(libspace.o)
    0x20000070        -       0x00000200   Zero   RW          496    HEAP                startup_stm32f042x6.o
    0x20000270        -       0x00000400   Zero   RW          495    STACK               startup_stm32f042x6.o


==============================================================================

Image component sizes


      Code (inc. data)   RO Data    RW Data    ZI Data      Debug   Object Name

      1796         96          0          0          0       4986   bmp180.o
      1140        198          0         14          0     373029   main.o
       732         36       1138          0          0       6705   ssd1306.o
       116         56        192          0       1536        672   startup_stm32f042x6.o
       116         12          0          0          0        481   system_stm32f0xx.o

    ----------------------------------------------------------------------
      3902        398       1362         16       1536     385873   Object Totals
         0          0         32          0          0          0   (incl. Generated)
         2          0          0          2          0          0   (incl. Padding)

    ----------------------------------------------------------------------

      Code (inc. data)   RO Data    RW Data    ZI Data      Debug   Library Member Name

         8          0          0          0          0         68   __main.o
         0          0          0          0          0          0   __rtentry.o
        12          0          0          0          0          0   __rtentry2.o
         6          0          0          0          0          0   __rtentry4.o
        60          8          0          0          0          0   __scatter.o
        26          0          0          0          0          0   __scatter_copy.o
        28          0          0          0          0          0   __scatter_zi.o
        22          0          0          0          0         92   _rserrno.o
       346          0          0          0          0         92   aeabi_sdiv.o
        16          0          0          0          0         68   exit.o
         6          0          0          0          0        136   heapauxi.o
         0          0          0          0          0          0   indicate_semi.o
         2          0          0          0          0          0   libinit.o
         2          0          0          0          0          0   libinit2.o
         2          0          0          0          0          0   libshutdown.o
         2          0          0          0          0          0   libshutdown2.o
         8          4          0          0         96         68   libspace.o
         8          4          0          0          0         68   rt_errno_addr_intlibspace.o
         2          0          0          0          0          0   rtexit.o
        10          0          0          0          0          0   rtexit2.o
        12          4          0          0          0         60   sys_exit.o
        62          0          0          0          0         80   sys_stackheap_outer.o
         2          0          0          0          0         68   use_no_semi.o
        46          0          0          0          0         60   cmpret.o
       856         20          0          0          0        208   daddsub.o
       144          4          0          0          0         76   dcmpin.o
      1096         26        128          0          0        112   ddiv.o
       108         10          0          0          0         72   dfixi.o
        88          0          0          0          0         92   dflti.o
       584         26          0          0          0         84   dmul.o
        20          6          0          0          0         68   dnan2.o
       104          4          0          0          0        104   drlef.o
        96         12          0          0          0         72   dscalbn.o
       256          8          0          0          0         76   dsqrt.o
       352         10         64          0          0         92   fdiv.o
        76          0          0          0          0         68   ffixi.o
        94          0          0          0          0         92   fflti.o
       176          4          0          0          0         80   fmul.o
        94          0          0          0          0         68   retnan.o
         0          0          0          0          0          0   usenofp.o
        84         14          0          0          0        340   dunder.o
        44          4          0          0          0         60   fpclassify.o
       172          0          0          0          0         76   poly.o
      2556        196        136          0          0        240   pow.o
         0          0          8          0          0          0   qnan.o
        72          6          0          0          0         76   sqrt.o

    ----------------------------------------------------------------------
      7766        370        338          0         96       3016   Library Totals
         6          0          2          0          0          0   (incl. Padding)

    ----------------------------------------------------------------------

      Code (inc. data)   RO Data    RW Data    ZI Data      Debug   Library Name

       642         20          0          0         96        800   c_p.l
      4190        130        192          0          0       1424   fz_ps.l
      2928        220        144          0          0        792   m_ps.l

    ----------------------------------------------------------------------
      7766        370        338          0         96       3016   Library Totals

    ----------------------------------------------------------------------

==============================================================================


      Code (inc. data)   RO Data    RW Data    ZI Data      Debug   

     11668        768       1700         16       1632     386521   Grand Totals
     11668        768       1700         16       1632     386521   ELF Image Totals
     11668        768       1700         16          0          0   ROM Totals

==============================================================================

    Total RO  Size (Code + RO Data)                13368 (  13.05kB)
    Total RW  Size (RW Data + ZI Data)              1648 (   1.61kB)
    Total ROM Size (Code + RO Data + RW Data)      13384 (  13.07kB)

==============================================================================

